Archive member included to satisfy reference by file (symbol)

/usr/lib/gcc/arm-none-eabi/9.2.1/../../../arm-none-eabi/lib/thumb/v7e-m+fp/hard/libc_nano.a(lib_a-atexit.o)
                              /usr/lib/gcc/arm-none-eabi/9.2.1/../../../arm-none-eabi/lib/thumb/v7e-m+fp/hard/crt0.o (atexit)
/usr/lib/gcc/arm-none-eabi/9.2.1/../../../arm-none-eabi/lib/thumb/v7e-m+fp/hard/libc_nano.a(lib_a-exit.o)
                              /usr/lib/gcc/arm-none-eabi/9.2.1/../../../arm-none-eabi/lib/thumb/v7e-m+fp/hard/crt0.o (exit)
/usr/lib/gcc/arm-none-eabi/9.2.1/../../../arm-none-eabi/lib/thumb/v7e-m+fp/hard/libc_nano.a(lib_a-fini.o)
                              /usr/lib/gcc/arm-none-eabi/9.2.1/../../../arm-none-eabi/lib/thumb/v7e-m+fp/hard/crt0.o (__libc_fini_array)
/usr/lib/gcc/arm-none-eabi/9.2.1/../../../arm-none-eabi/lib/thumb/v7e-m+fp/hard/libc_nano.a(lib_a-impure.o)
                              /usr/lib/gcc/arm-none-eabi/9.2.1/../../../arm-none-eabi/lib/thumb/v7e-m+fp/hard/libc_nano.a(lib_a-exit.o) (_global_impure_ptr)
/usr/lib/gcc/arm-none-eabi/9.2.1/../../../arm-none-eabi/lib/thumb/v7e-m+fp/hard/libc_nano.a(lib_a-init.o)
                              /usr/lib/gcc/arm-none-eabi/9.2.1/../../../arm-none-eabi/lib/thumb/v7e-m+fp/hard/crt0.o (__libc_init_array)
/usr/lib/gcc/arm-none-eabi/9.2.1/../../../arm-none-eabi/lib/thumb/v7e-m+fp/hard/libc_nano.a(lib_a-memset.o)
                              /usr/lib/gcc/arm-none-eabi/9.2.1/../../../arm-none-eabi/lib/thumb/v7e-m+fp/hard/crt0.o (memset)
/usr/lib/gcc/arm-none-eabi/9.2.1/../../../arm-none-eabi/lib/thumb/v7e-m+fp/hard/libc_nano.a(lib_a-__atexit.o)
                              /usr/lib/gcc/arm-none-eabi/9.2.1/../../../arm-none-eabi/lib/thumb/v7e-m+fp/hard/libc_nano.a(lib_a-atexit.o) (__register_exitproc)
/usr/lib/gcc/arm-none-eabi/9.2.1/../../../arm-none-eabi/lib/thumb/v7e-m+fp/hard/libc_nano.a(lib_a-__call_atexit.o)
                              /usr/lib/gcc/arm-none-eabi/9.2.1/../../../arm-none-eabi/lib/thumb/v7e-m+fp/hard/libc_nano.a(lib_a-__atexit.o) (__call_exitprocs)
/usr/lib/gcc/arm-none-eabi/9.2.1/../../../arm-none-eabi/lib/thumb/v7e-m+fp/hard/libnosys.a(_exit.o)
                              /usr/lib/gcc/arm-none-eabi/9.2.1/../../../arm-none-eabi/lib/thumb/v7e-m+fp/hard/libc_nano.a(lib_a-exit.o) (_exit)
/usr/lib/gcc/arm-none-eabi/9.2.1/thumb/v7e-m+fp/hard/libgcc.a(_aeabi_uldivmod.o)
                              /tmp/ccauoULC.o (__aeabi_uldivmod)
/usr/lib/gcc/arm-none-eabi/9.2.1/thumb/v7e-m+fp/hard/libgcc.a(_udivmoddi4.o)
                              /usr/lib/gcc/arm-none-eabi/9.2.1/thumb/v7e-m+fp/hard/libgcc.a(_aeabi_uldivmod.o) (__udivmoddi4)
/usr/lib/gcc/arm-none-eabi/9.2.1/thumb/v7e-m+fp/hard/libgcc.a(_dvmd_tls.o)
                              /usr/lib/gcc/arm-none-eabi/9.2.1/thumb/v7e-m+fp/hard/libgcc.a(_aeabi_uldivmod.o) (__aeabi_ldiv0)

Discarded input sections

 .text          0x0000000000000000        0x0 /usr/lib/gcc/arm-none-eabi/9.2.1/thumb/v7e-m+fp/hard/crti.o
 .data          0x0000000000000000        0x0 /usr/lib/gcc/arm-none-eabi/9.2.1/thumb/v7e-m+fp/hard/crti.o
 .bss           0x0000000000000000        0x0 /usr/lib/gcc/arm-none-eabi/9.2.1/thumb/v7e-m+fp/hard/crti.o
 .data          0x0000000000000000        0x4 /usr/lib/gcc/arm-none-eabi/9.2.1/thumb/v7e-m+fp/hard/crtbegin.o
 .text          0x0000000000000000       0x70 /usr/lib/gcc/arm-none-eabi/9.2.1/../../../arm-none-eabi/lib/thumb/v7e-m+fp/hard/crt0.o
 .data          0x0000000000000000        0x0 /usr/lib/gcc/arm-none-eabi/9.2.1/../../../arm-none-eabi/lib/thumb/v7e-m+fp/hard/crt0.o
 .bss           0x0000000000000000        0x0 /usr/lib/gcc/arm-none-eabi/9.2.1/../../../arm-none-eabi/lib/thumb/v7e-m+fp/hard/crt0.o
 .ARM.extab     0x0000000000000000        0x0 /usr/lib/gcc/arm-none-eabi/9.2.1/../../../arm-none-eabi/lib/thumb/v7e-m+fp/hard/crt0.o
 .ARM.exidx     0x0000000000000000       0x10 /usr/lib/gcc/arm-none-eabi/9.2.1/../../../arm-none-eabi/lib/thumb/v7e-m+fp/hard/crt0.o
 .debug_line    0x0000000000000000       0x87 /usr/lib/gcc/arm-none-eabi/9.2.1/../../../arm-none-eabi/lib/thumb/v7e-m+fp/hard/crt0.o
 .debug_info    0x0000000000000000       0x26 /usr/lib/gcc/arm-none-eabi/9.2.1/../../../arm-none-eabi/lib/thumb/v7e-m+fp/hard/crt0.o
 .debug_abbrev  0x0000000000000000       0x14 /usr/lib/gcc/arm-none-eabi/9.2.1/../../../arm-none-eabi/lib/thumb/v7e-m+fp/hard/crt0.o
 .debug_aranges
                0x0000000000000000       0x20 /usr/lib/gcc/arm-none-eabi/9.2.1/../../../arm-none-eabi/lib/thumb/v7e-m+fp/hard/crt0.o
 .debug_str     0x0000000000000000       0x98 /usr/lib/gcc/arm-none-eabi/9.2.1/../../../arm-none-eabi/lib/thumb/v7e-m+fp/hard/crt0.o
 .ARM.attributes
                0x0000000000000000       0x1c /usr/lib/gcc/arm-none-eabi/9.2.1/../../../arm-none-eabi/lib/thumb/v7e-m+fp/hard/crt0.o
 .text          0x0000000000000000       0x14 /tmp/ccVFBffC.o
 .data          0x0000000000000000        0x0 /tmp/ccVFBffC.o
 .bss           0x0000000000000000        0x0 /tmp/ccVFBffC.o
 .group         0x0000000000000000        0xc /tmp/ccauoULC.o
 .group         0x0000000000000000        0xc /tmp/ccauoULC.o
 .group         0x0000000000000000        0xc /tmp/ccauoULC.o
 .group         0x0000000000000000        0xc /tmp/ccauoULC.o
 .group         0x0000000000000000        0xc /tmp/ccauoULC.o
 .group         0x0000000000000000        0xc /tmp/ccauoULC.o
 .group         0x0000000000000000        0xc /tmp/ccauoULC.o
 .group         0x0000000000000000        0xc /tmp/ccauoULC.o
 .group         0x0000000000000000        0xc /tmp/ccauoULC.o
 .group         0x0000000000000000        0xc /tmp/ccauoULC.o
 .group         0x0000000000000000        0xc /tmp/ccauoULC.o
 .group         0x0000000000000000        0xc /tmp/ccauoULC.o
 .group         0x0000000000000000        0xc /tmp/ccauoULC.o
 .group         0x0000000000000000        0xc /tmp/ccauoULC.o
 .group         0x0000000000000000        0xc /tmp/ccauoULC.o
 .group         0x0000000000000000        0xc /tmp/ccauoULC.o
 .group         0x0000000000000000        0xc /tmp/ccauoULC.o
 .group         0x0000000000000000        0xc /tmp/ccauoULC.o
 .group         0x0000000000000000        0xc /tmp/ccauoULC.o
 .group         0x0000000000000000        0xc /tmp/ccauoULC.o
 .group         0x0000000000000000        0xc /tmp/ccauoULC.o
 .group         0x0000000000000000        0xc /tmp/ccauoULC.o
 .group         0x0000000000000000        0xc /tmp/ccauoULC.o
 .group         0x0000000000000000        0xc /tmp/ccauoULC.o
 .group         0x0000000000000000        0xc /tmp/ccauoULC.o
 .group         0x0000000000000000        0xc /tmp/ccauoULC.o
 .group         0x0000000000000000        0xc /tmp/ccauoULC.o
 .group         0x0000000000000000        0xc /tmp/ccauoULC.o
 .group         0x0000000000000000        0xc /tmp/ccauoULC.o
 .group         0x0000000000000000        0xc /tmp/ccauoULC.o
 .group         0x0000000000000000        0xc /tmp/ccauoULC.o
 .group         0x0000000000000000        0xc /tmp/ccauoULC.o
 .group         0x0000000000000000        0xc /tmp/ccauoULC.o
 .group         0x0000000000000000        0xc /tmp/ccauoULC.o
 .text          0x0000000000000000        0x0 /tmp/ccauoULC.o
 .data          0x0000000000000000        0x0 /tmp/ccauoULC.o
 .bss           0x0000000000000000        0x0 /tmp/ccauoULC.o
 .text.__NVIC_EnableIRQ
                0x0000000000000000       0x3c /tmp/ccauoULC.o
 .text.__NVIC_DisableIRQ
                0x0000000000000000       0x48 /tmp/ccauoULC.o
 .text.__NVIC_GetPendingIRQ
                0x0000000000000000       0x44 /tmp/ccauoULC.o
 .text.__NVIC_SetPendingIRQ
                0x0000000000000000       0x3c /tmp/ccauoULC.o
 .text.__NVIC_ClearPendingIRQ
                0x0000000000000000       0x3c /tmp/ccauoULC.o
 .text.__NVIC_GetActive
                0x0000000000000000       0x44 /tmp/ccauoULC.o
 .text.__NVIC_GetPriority
                0x0000000000000000       0x50 /tmp/ccauoULC.o
 .text.NVIC_DecodePriority
                0x0000000000000000       0x6e /tmp/ccauoULC.o
 .text.__NVIC_SystemReset
                0x0000000000000000       0x2c /tmp/ccauoULC.o
 .rodata.APBPrescTable
                0x0000000000000000        0x8 /tmp/ccauoULC.o
 .text.SystemCoreClockUpdate
                0x0000000000000000      0x100 /tmp/ccauoULC.o
 .text.HAL_NVIC_EnableIRQ
                0x0000000000000000       0x1c /tmp/ccauoULC.o
 .text.HAL_NVIC_DisableIRQ
                0x0000000000000000       0x1c /tmp/ccauoULC.o
 .text.HAL_NVIC_SystemReset
                0x0000000000000000        0x8 /tmp/ccauoULC.o
 .text.HAL_MPU_Disable
                0x0000000000000000       0x30 /tmp/ccauoULC.o
 .text.HAL_MPU_Enable
                0x0000000000000000       0x40 /tmp/ccauoULC.o
 .text.HAL_MPU_ConfigRegion
                0x0000000000000000       0x88 /tmp/ccauoULC.o
 .text.HAL_NVIC_GetPriorityGrouping
                0x0000000000000000        0xe /tmp/ccauoULC.o
 .text.HAL_NVIC_GetPriority
                0x0000000000000000       0x2c /tmp/ccauoULC.o
 .text.HAL_NVIC_SetPendingIRQ
                0x0000000000000000       0x1c /tmp/ccauoULC.o
 .text.HAL_NVIC_GetPendingIRQ
                0x0000000000000000       0x1e /tmp/ccauoULC.o
 .text.HAL_NVIC_ClearPendingIRQ
                0x0000000000000000       0x1c /tmp/ccauoULC.o
 .text.HAL_NVIC_GetActive
                0x0000000000000000       0x1e /tmp/ccauoULC.o
 .text.HAL_SYSTICK_CLKSourceConfig
                0x0000000000000000       0x38 /tmp/ccauoULC.o
 .text.HAL_SYSTICK_IRQHandler
                0x0000000000000000        0xc /tmp/ccauoULC.o
 .text.HAL_SYSTICK_Callback
                0x0000000000000000        0xe /tmp/ccauoULC.o
 .text.HAL_RCC_DeInit
                0x0000000000000000       0x10 /tmp/ccauoULC.o
 .text.HAL_RCC_MCOConfig
                0x0000000000000000       0xd0 /tmp/ccauoULC.o
 .text.HAL_RCC_EnableCSS
                0x0000000000000000       0x18 /tmp/ccauoULC.o
 .text.HAL_RCC_DisableCSS
                0x0000000000000000       0x18 /tmp/ccauoULC.o
 .text.HAL_RCC_GetHCLKFreq
                0x0000000000000000       0x18 /tmp/ccauoULC.o
 .text.HAL_RCC_GetPCLK1Freq
                0x0000000000000000       0x28 /tmp/ccauoULC.o
 .text.HAL_RCC_GetPCLK2Freq
                0x0000000000000000       0x28 /tmp/ccauoULC.o
 .text.HAL_RCC_GetOscConfig
                0x0000000000000000      0x128 /tmp/ccauoULC.o
 .text.HAL_RCC_GetClockConfig
                0x0000000000000000       0x64 /tmp/ccauoULC.o
 .text.HAL_RCC_NMI_IRQHandler
                0x0000000000000000       0x28 /tmp/ccauoULC.o
 .text.HAL_RCC_CSSCallback
                0x0000000000000000        0xe /tmp/ccauoULC.o
 .text.HAL_GPIO_DeInit
                0x0000000000000000      0x218 /tmp/ccauoULC.o
 .text.HAL_GPIO_ReadPin
                0x0000000000000000       0x30 /tmp/ccauoULC.o
 .text.HAL_GPIO_TogglePin
                0x0000000000000000       0x34 /tmp/ccauoULC.o
 .text.HAL_GPIO_LockPin
                0x0000000000000000       0x50 /tmp/ccauoULC.o
 .text.HAL_GPIO_EXTI_IRQHandler
                0x0000000000000000       0x30 /tmp/ccauoULC.o
 .text.HAL_GPIO_EXTI_Callback
                0x0000000000000000       0x16 /tmp/ccauoULC.o
 .text.HAL_DeInit
                0x0000000000000000       0x58 /tmp/ccauoULC.o
 .text.HAL_MspDeInit
                0x0000000000000000        0xe /tmp/ccauoULC.o
 .text.HAL_IncTick
                0x0000000000000000       0x28 /tmp/ccauoULC.o
 .text.HAL_GetTickPrio
                0x0000000000000000       0x18 /tmp/ccauoULC.o
 .text.HAL_SetTickFreq
                0x0000000000000000       0x50 /tmp/ccauoULC.o
 .text.HAL_GetTickFreq
                0x0000000000000000       0x18 /tmp/ccauoULC.o
 .text.HAL_Delay
                0x0000000000000000       0x48 /tmp/ccauoULC.o
 .text.HAL_SuspendTick
                0x0000000000000000       0x20 /tmp/ccauoULC.o
 .text.HAL_ResumeTick
                0x0000000000000000       0x20 /tmp/ccauoULC.o
 .text.HAL_GetHalVersion
                0x0000000000000000       0x14 /tmp/ccauoULC.o
 .text.HAL_GetREVID
                0x0000000000000000       0x18 /tmp/ccauoULC.o
 .text.HAL_GetDEVID
                0x0000000000000000       0x1c /tmp/ccauoULC.o
 .text.HAL_DBGMCU_EnableDBGSleepMode
                0x0000000000000000       0x20 /tmp/ccauoULC.o
 .text.HAL_DBGMCU_DisableDBGSleepMode
                0x0000000000000000       0x20 /tmp/ccauoULC.o
 .text.HAL_DBGMCU_EnableDBGStopMode
                0x0000000000000000       0x20 /tmp/ccauoULC.o
 .text.HAL_DBGMCU_DisableDBGStopMode
                0x0000000000000000       0x20 /tmp/ccauoULC.o
 .text.HAL_DBGMCU_EnableDBGStandbyMode
                0x0000000000000000       0x20 /tmp/ccauoULC.o
 .text.HAL_DBGMCU_DisableDBGStandbyMode
                0x0000000000000000       0x20 /tmp/ccauoULC.o
 .text.HAL_EnableCompensationCell
                0x0000000000000000       0x18 /tmp/ccauoULC.o
 .text.HAL_DisableCompensationCell
                0x0000000000000000       0x18 /tmp/ccauoULC.o
 .text.HAL_GetUIDw0
                0x0000000000000000       0x18 /tmp/ccauoULC.o
 .text.HAL_GetUIDw1
                0x0000000000000000       0x18 /tmp/ccauoULC.o
 .text.HAL_GetUIDw2
                0x0000000000000000       0x18 /tmp/ccauoULC.o
 .text.HAL_EnableMemorySwappingBank
                0x0000000000000000       0x18 /tmp/ccauoULC.o
 .text.HAL_DisableMemorySwappingBank
                0x0000000000000000       0x18 /tmp/ccauoULC.o
 .text          0x0000000000000000        0xc /usr/lib/gcc/arm-none-eabi/9.2.1/../../../arm-none-eabi/lib/thumb/v7e-m+fp/hard/libc_nano.a(lib_a-atexit.o)
 .data          0x0000000000000000        0x0 /usr/lib/gcc/arm-none-eabi/9.2.1/../../../arm-none-eabi/lib/thumb/v7e-m+fp/hard/libc_nano.a(lib_a-atexit.o)
 .bss           0x0000000000000000        0x0 /usr/lib/gcc/arm-none-eabi/9.2.1/../../../arm-none-eabi/lib/thumb/v7e-m+fp/hard/libc_nano.a(lib_a-atexit.o)
 .debug_info    0x0000000000000000      0x995 /usr/lib/gcc/arm-none-eabi/9.2.1/../../../arm-none-eabi/lib/thumb/v7e-m+fp/hard/libc_nano.a(lib_a-atexit.o)
 .debug_abbrev  0x0000000000000000      0x1f4 /usr/lib/gcc/arm-none-eabi/9.2.1/../../../arm-none-eabi/lib/thumb/v7e-m+fp/hard/libc_nano.a(lib_a-atexit.o)
 .debug_loc     0x0000000000000000       0x32 /usr/lib/gcc/arm-none-eabi/9.2.1/../../../arm-none-eabi/lib/thumb/v7e-m+fp/hard/libc_nano.a(lib_a-atexit.o)
 .debug_aranges
                0x0000000000000000       0x20 /usr/lib/gcc/arm-none-eabi/9.2.1/../../../arm-none-eabi/lib/thumb/v7e-m+fp/hard/libc_nano.a(lib_a-atexit.o)
 .debug_line    0x0000000000000000      0x14a /usr/lib/gcc/arm-none-eabi/9.2.1/../../../arm-none-eabi/lib/thumb/v7e-m+fp/hard/libc_nano.a(lib_a-atexit.o)
 .debug_str     0x0000000000000000      0x62d /usr/lib/gcc/arm-none-eabi/9.2.1/../../../arm-none-eabi/lib/thumb/v7e-m+fp/hard/libc_nano.a(lib_a-atexit.o)
 .comment       0x0000000000000000       0x4f /usr/lib/gcc/arm-none-eabi/9.2.1/../../../arm-none-eabi/lib/thumb/v7e-m+fp/hard/libc_nano.a(lib_a-atexit.o)
 .debug_frame   0x0000000000000000       0x20 /usr/lib/gcc/arm-none-eabi/9.2.1/../../../arm-none-eabi/lib/thumb/v7e-m+fp/hard/libc_nano.a(lib_a-atexit.o)
 .ARM.attributes
                0x0000000000000000       0x34 /usr/lib/gcc/arm-none-eabi/9.2.1/../../../arm-none-eabi/lib/thumb/v7e-m+fp/hard/libc_nano.a(lib_a-atexit.o)
 .text          0x0000000000000000       0x28 /usr/lib/gcc/arm-none-eabi/9.2.1/../../../arm-none-eabi/lib/thumb/v7e-m+fp/hard/libc_nano.a(lib_a-exit.o)
 .data          0x0000000000000000        0x0 /usr/lib/gcc/arm-none-eabi/9.2.1/../../../arm-none-eabi/lib/thumb/v7e-m+fp/hard/libc_nano.a(lib_a-exit.o)
 .bss           0x0000000000000000        0x0 /usr/lib/gcc/arm-none-eabi/9.2.1/../../../arm-none-eabi/lib/thumb/v7e-m+fp/hard/libc_nano.a(lib_a-exit.o)
 .debug_info    0x0000000000000000      0x9e7 /usr/lib/gcc/arm-none-eabi/9.2.1/../../../arm-none-eabi/lib/thumb/v7e-m+fp/hard/libc_nano.a(lib_a-exit.o)
 .debug_abbrev  0x0000000000000000      0x1f6 /usr/lib/gcc/arm-none-eabi/9.2.1/../../../arm-none-eabi/lib/thumb/v7e-m+fp/hard/libc_nano.a(lib_a-exit.o)
 .debug_loc     0x0000000000000000       0x22 /usr/lib/gcc/arm-none-eabi/9.2.1/../../../arm-none-eabi/lib/thumb/v7e-m+fp/hard/libc_nano.a(lib_a-exit.o)
 .debug_aranges
                0x0000000000000000       0x20 /usr/lib/gcc/arm-none-eabi/9.2.1/../../../arm-none-eabi/lib/thumb/v7e-m+fp/hard/libc_nano.a(lib_a-exit.o)
 .debug_line    0x0000000000000000      0x16c /usr/lib/gcc/arm-none-eabi/9.2.1/../../../arm-none-eabi/lib/thumb/v7e-m+fp/hard/libc_nano.a(lib_a-exit.o)
 .debug_str     0x0000000000000000      0x62e /usr/lib/gcc/arm-none-eabi/9.2.1/../../../arm-none-eabi/lib/thumb/v7e-m+fp/hard/libc_nano.a(lib_a-exit.o)
 .comment       0x0000000000000000       0x4f /usr/lib/gcc/arm-none-eabi/9.2.1/../../../arm-none-eabi/lib/thumb/v7e-m+fp/hard/libc_nano.a(lib_a-exit.o)
 .debug_frame   0x0000000000000000       0x28 /usr/lib/gcc/arm-none-eabi/9.2.1/../../../arm-none-eabi/lib/thumb/v7e-m+fp/hard/libc_nano.a(lib_a-exit.o)
 .ARM.attributes
                0x0000000000000000       0x34 /usr/lib/gcc/arm-none-eabi/9.2.1/../../../arm-none-eabi/lib/thumb/v7e-m+fp/hard/libc_nano.a(lib_a-exit.o)
 .text          0x0000000000000000       0x34 /usr/lib/gcc/arm-none-eabi/9.2.1/../../../arm-none-eabi/lib/thumb/v7e-m+fp/hard/libc_nano.a(lib_a-fini.o)
 .data          0x0000000000000000        0x0 /usr/lib/gcc/arm-none-eabi/9.2.1/../../../arm-none-eabi/lib/thumb/v7e-m+fp/hard/libc_nano.a(lib_a-fini.o)
 .bss           0x0000000000000000        0x0 /usr/lib/gcc/arm-none-eabi/9.2.1/../../../arm-none-eabi/lib/thumb/v7e-m+fp/hard/libc_nano.a(lib_a-fini.o)
 .debug_info    0x0000000000000000      0x102 /usr/lib/gcc/arm-none-eabi/9.2.1/../../../arm-none-eabi/lib/thumb/v7e-m+fp/hard/libc_nano.a(lib_a-fini.o)
 .debug_abbrev  0x0000000000000000       0xcf /usr/lib/gcc/arm-none-eabi/9.2.1/../../../arm-none-eabi/lib/thumb/v7e-m+fp/hard/libc_nano.a(lib_a-fini.o)
 .debug_loc     0x0000000000000000       0x68 /usr/lib/gcc/arm-none-eabi/9.2.1/../../../arm-none-eabi/lib/thumb/v7e-m+fp/hard/libc_nano.a(lib_a-fini.o)
 .debug_aranges
                0x0000000000000000       0x20 /usr/lib/gcc/arm-none-eabi/9.2.1/../../../arm-none-eabi/lib/thumb/v7e-m+fp/hard/libc_nano.a(lib_a-fini.o)
 .debug_line    0x0000000000000000       0xd7 /usr/lib/gcc/arm-none-eabi/9.2.1/../../../arm-none-eabi/lib/thumb/v7e-m+fp/hard/libc_nano.a(lib_a-fini.o)
 .debug_str     0x0000000000000000      0x1ff /usr/lib/gcc/arm-none-eabi/9.2.1/../../../arm-none-eabi/lib/thumb/v7e-m+fp/hard/libc_nano.a(lib_a-fini.o)
 .comment       0x0000000000000000       0x4f /usr/lib/gcc/arm-none-eabi/9.2.1/../../../arm-none-eabi/lib/thumb/v7e-m+fp/hard/libc_nano.a(lib_a-fini.o)
 .debug_frame   0x0000000000000000       0x34 /usr/lib/gcc/arm-none-eabi/9.2.1/../../../arm-none-eabi/lib/thumb/v7e-m+fp/hard/libc_nano.a(lib_a-fini.o)
 .ARM.attributes
                0x0000000000000000       0x34 /usr/lib/gcc/arm-none-eabi/9.2.1/../../../arm-none-eabi/lib/thumb/v7e-m+fp/hard/libc_nano.a(lib_a-fini.o)
 .text          0x0000000000000000        0x0 /usr/lib/gcc/arm-none-eabi/9.2.1/../../../arm-none-eabi/lib/thumb/v7e-m+fp/hard/libc_nano.a(lib_a-impure.o)
 .data          0x0000000000000000       0x64 /usr/lib/gcc/arm-none-eabi/9.2.1/../../../arm-none-eabi/lib/thumb/v7e-m+fp/hard/libc_nano.a(lib_a-impure.o)
 .bss           0x0000000000000000        0x0 /usr/lib/gcc/arm-none-eabi/9.2.1/../../../arm-none-eabi/lib/thumb/v7e-m+fp/hard/libc_nano.a(lib_a-impure.o)
 .rodata        0x0000000000000000        0x4 /usr/lib/gcc/arm-none-eabi/9.2.1/../../../arm-none-eabi/lib/thumb/v7e-m+fp/hard/libc_nano.a(lib_a-impure.o)
 .debug_info    0x0000000000000000      0x92a /usr/lib/gcc/arm-none-eabi/9.2.1/../../../arm-none-eabi/lib/thumb/v7e-m+fp/hard/libc_nano.a(lib_a-impure.o)
 .debug_abbrev  0x0000000000000000      0x17a /usr/lib/gcc/arm-none-eabi/9.2.1/../../../arm-none-eabi/lib/thumb/v7e-m+fp/hard/libc_nano.a(lib_a-impure.o)
 .debug_aranges
                0x0000000000000000       0x18 /usr/lib/gcc/arm-none-eabi/9.2.1/../../../arm-none-eabi/lib/thumb/v7e-m+fp/hard/libc_nano.a(lib_a-impure.o)
 .debug_line    0x0000000000000000       0xe3 /usr/lib/gcc/arm-none-eabi/9.2.1/../../../arm-none-eabi/lib/thumb/v7e-m+fp/hard/libc_nano.a(lib_a-impure.o)
 .debug_str     0x0000000000000000      0x5e2 /usr/lib/gcc/arm-none-eabi/9.2.1/../../../arm-none-eabi/lib/thumb/v7e-m+fp/hard/libc_nano.a(lib_a-impure.o)
 .comment       0x0000000000000000       0x4f /usr/lib/gcc/arm-none-eabi/9.2.1/../../../arm-none-eabi/lib/thumb/v7e-m+fp/hard/libc_nano.a(lib_a-impure.o)
 .ARM.attributes
                0x0000000000000000       0x32 /usr/lib/gcc/arm-none-eabi/9.2.1/../../../arm-none-eabi/lib/thumb/v7e-m+fp/hard/libc_nano.a(lib_a-impure.o)
 .data          0x0000000000000000        0x0 /usr/lib/gcc/arm-none-eabi/9.2.1/../../../arm-none-eabi/lib/thumb/v7e-m+fp/hard/libc_nano.a(lib_a-init.o)
 .bss           0x0000000000000000        0x0 /usr/lib/gcc/arm-none-eabi/9.2.1/../../../arm-none-eabi/lib/thumb/v7e-m+fp/hard/libc_nano.a(lib_a-init.o)
 .data          0x0000000000000000        0x0 /usr/lib/gcc/arm-none-eabi/9.2.1/../../../arm-none-eabi/lib/thumb/v7e-m+fp/hard/libc_nano.a(lib_a-memset.o)
 .bss           0x0000000000000000        0x0 /usr/lib/gcc/arm-none-eabi/9.2.1/../../../arm-none-eabi/lib/thumb/v7e-m+fp/hard/libc_nano.a(lib_a-memset.o)
 .text          0x0000000000000000       0xa0 /usr/lib/gcc/arm-none-eabi/9.2.1/../../../arm-none-eabi/lib/thumb/v7e-m+fp/hard/libc_nano.a(lib_a-__atexit.o)
 .data          0x0000000000000000        0x4 /usr/lib/gcc/arm-none-eabi/9.2.1/../../../arm-none-eabi/lib/thumb/v7e-m+fp/hard/libc_nano.a(lib_a-__atexit.o)
 .bss           0x0000000000000000       0x8c /usr/lib/gcc/arm-none-eabi/9.2.1/../../../arm-none-eabi/lib/thumb/v7e-m+fp/hard/libc_nano.a(lib_a-__atexit.o)
 .debug_info    0x0000000000000000      0xa3c /usr/lib/gcc/arm-none-eabi/9.2.1/../../../arm-none-eabi/lib/thumb/v7e-m+fp/hard/libc_nano.a(lib_a-__atexit.o)
 .debug_abbrev  0x0000000000000000      0x261 /usr/lib/gcc/arm-none-eabi/9.2.1/../../../arm-none-eabi/lib/thumb/v7e-m+fp/hard/libc_nano.a(lib_a-__atexit.o)
 .debug_loc     0x0000000000000000      0x230 /usr/lib/gcc/arm-none-eabi/9.2.1/../../../arm-none-eabi/lib/thumb/v7e-m+fp/hard/libc_nano.a(lib_a-__atexit.o)
 .debug_aranges
                0x0000000000000000       0x20 /usr/lib/gcc/arm-none-eabi/9.2.1/../../../arm-none-eabi/lib/thumb/v7e-m+fp/hard/libc_nano.a(lib_a-__atexit.o)
 .debug_line    0x0000000000000000      0x228 /usr/lib/gcc/arm-none-eabi/9.2.1/../../../arm-none-eabi/lib/thumb/v7e-m+fp/hard/libc_nano.a(lib_a-__atexit.o)
 .debug_str     0x0000000000000000      0x680 /usr/lib/gcc/arm-none-eabi/9.2.1/../../../arm-none-eabi/lib/thumb/v7e-m+fp/hard/libc_nano.a(lib_a-__atexit.o)
 .comment       0x0000000000000000       0x4f /usr/lib/gcc/arm-none-eabi/9.2.1/../../../arm-none-eabi/lib/thumb/v7e-m+fp/hard/libc_nano.a(lib_a-__atexit.o)
 .debug_frame   0x0000000000000000       0x34 /usr/lib/gcc/arm-none-eabi/9.2.1/../../../arm-none-eabi/lib/thumb/v7e-m+fp/hard/libc_nano.a(lib_a-__atexit.o)
 .ARM.attributes
                0x0000000000000000       0x34 /usr/lib/gcc/arm-none-eabi/9.2.1/../../../arm-none-eabi/lib/thumb/v7e-m+fp/hard/libc_nano.a(lib_a-__atexit.o)
 .text          0x0000000000000000       0x9c /usr/lib/gcc/arm-none-eabi/9.2.1/../../../arm-none-eabi/lib/thumb/v7e-m+fp/hard/libc_nano.a(lib_a-__call_atexit.o)
 .data          0x0000000000000000        0x0 /usr/lib/gcc/arm-none-eabi/9.2.1/../../../arm-none-eabi/lib/thumb/v7e-m+fp/hard/libc_nano.a(lib_a-__call_atexit.o)
 .bss           0x0000000000000000        0x4 /usr/lib/gcc/arm-none-eabi/9.2.1/../../../arm-none-eabi/lib/thumb/v7e-m+fp/hard/libc_nano.a(lib_a-__call_atexit.o)
 .debug_info    0x0000000000000000      0xa10 /usr/lib/gcc/arm-none-eabi/9.2.1/../../../arm-none-eabi/lib/thumb/v7e-m+fp/hard/libc_nano.a(lib_a-__call_atexit.o)
 .debug_abbrev  0x0000000000000000      0x237 /usr/lib/gcc/arm-none-eabi/9.2.1/../../../arm-none-eabi/lib/thumb/v7e-m+fp/hard/libc_nano.a(lib_a-__call_atexit.o)
 .debug_loc     0x0000000000000000      0x13f /usr/lib/gcc/arm-none-eabi/9.2.1/../../../arm-none-eabi/lib/thumb/v7e-m+fp/hard/libc_nano.a(lib_a-__call_atexit.o)
 .debug_aranges
                0x0000000000000000       0x20 /usr/lib/gcc/arm-none-eabi/9.2.1/../../../arm-none-eabi/lib/thumb/v7e-m+fp/hard/libc_nano.a(lib_a-__call_atexit.o)
 .debug_ranges  0x0000000000000000       0x28 /usr/lib/gcc/arm-none-eabi/9.2.1/../../../arm-none-eabi/lib/thumb/v7e-m+fp/hard/libc_nano.a(lib_a-__call_atexit.o)
 .debug_line    0x0000000000000000      0x22a /usr/lib/gcc/arm-none-eabi/9.2.1/../../../arm-none-eabi/lib/thumb/v7e-m+fp/hard/libc_nano.a(lib_a-__call_atexit.o)
 .debug_str     0x0000000000000000      0x62b /usr/lib/gcc/arm-none-eabi/9.2.1/../../../arm-none-eabi/lib/thumb/v7e-m+fp/hard/libc_nano.a(lib_a-__call_atexit.o)
 .comment       0x0000000000000000       0x4f /usr/lib/gcc/arm-none-eabi/9.2.1/../../../arm-none-eabi/lib/thumb/v7e-m+fp/hard/libc_nano.a(lib_a-__call_atexit.o)
 .debug_frame   0x0000000000000000       0x40 /usr/lib/gcc/arm-none-eabi/9.2.1/../../../arm-none-eabi/lib/thumb/v7e-m+fp/hard/libc_nano.a(lib_a-__call_atexit.o)
 .ARM.attributes
                0x0000000000000000       0x34 /usr/lib/gcc/arm-none-eabi/9.2.1/../../../arm-none-eabi/lib/thumb/v7e-m+fp/hard/libc_nano.a(lib_a-__call_atexit.o)
 .text          0x0000000000000000        0x4 /usr/lib/gcc/arm-none-eabi/9.2.1/../../../arm-none-eabi/lib/thumb/v7e-m+fp/hard/libnosys.a(_exit.o)
 .data          0x0000000000000000        0x0 /usr/lib/gcc/arm-none-eabi/9.2.1/../../../arm-none-eabi/lib/thumb/v7e-m+fp/hard/libnosys.a(_exit.o)
 .bss           0x0000000000000000        0x0 /usr/lib/gcc/arm-none-eabi/9.2.1/../../../arm-none-eabi/lib/thumb/v7e-m+fp/hard/libnosys.a(_exit.o)
 .debug_info    0x0000000000000000       0xa3 /usr/lib/gcc/arm-none-eabi/9.2.1/../../../arm-none-eabi/lib/thumb/v7e-m+fp/hard/libnosys.a(_exit.o)
 .debug_abbrev  0x0000000000000000       0x6a /usr/lib/gcc/arm-none-eabi/9.2.1/../../../arm-none-eabi/lib/thumb/v7e-m+fp/hard/libnosys.a(_exit.o)
 .debug_loc     0x0000000000000000       0x15 /usr/lib/gcc/arm-none-eabi/9.2.1/../../../arm-none-eabi/lib/thumb/v7e-m+fp/hard/libnosys.a(_exit.o)
 .debug_aranges
                0x0000000000000000       0x20 /usr/lib/gcc/arm-none-eabi/9.2.1/../../../arm-none-eabi/lib/thumb/v7e-m+fp/hard/libnosys.a(_exit.o)
 .debug_line    0x0000000000000000       0x6e /usr/lib/gcc/arm-none-eabi/9.2.1/../../../arm-none-eabi/lib/thumb/v7e-m+fp/hard/libnosys.a(_exit.o)
 .debug_str     0x0000000000000000      0x19f /usr/lib/gcc/arm-none-eabi/9.2.1/../../../arm-none-eabi/lib/thumb/v7e-m+fp/hard/libnosys.a(_exit.o)
 .comment       0x0000000000000000       0x4f /usr/lib/gcc/arm-none-eabi/9.2.1/../../../arm-none-eabi/lib/thumb/v7e-m+fp/hard/libnosys.a(_exit.o)
 .debug_frame   0x0000000000000000       0x20 /usr/lib/gcc/arm-none-eabi/9.2.1/../../../arm-none-eabi/lib/thumb/v7e-m+fp/hard/libnosys.a(_exit.o)
 .ARM.attributes
                0x0000000000000000       0x34 /usr/lib/gcc/arm-none-eabi/9.2.1/../../../arm-none-eabi/lib/thumb/v7e-m+fp/hard/libnosys.a(_exit.o)
 .data          0x0000000000000000        0x0 /usr/lib/gcc/arm-none-eabi/9.2.1/thumb/v7e-m+fp/hard/libgcc.a(_aeabi_uldivmod.o)
 .bss           0x0000000000000000        0x0 /usr/lib/gcc/arm-none-eabi/9.2.1/thumb/v7e-m+fp/hard/libgcc.a(_aeabi_uldivmod.o)
 .data          0x0000000000000000        0x0 /usr/lib/gcc/arm-none-eabi/9.2.1/thumb/v7e-m+fp/hard/libgcc.a(_udivmoddi4.o)
 .bss           0x0000000000000000        0x0 /usr/lib/gcc/arm-none-eabi/9.2.1/thumb/v7e-m+fp/hard/libgcc.a(_udivmoddi4.o)
 .ARM.extab     0x0000000000000000        0x0 /usr/lib/gcc/arm-none-eabi/9.2.1/thumb/v7e-m+fp/hard/libgcc.a(_udivmoddi4.o)
 .data          0x0000000000000000        0x0 /usr/lib/gcc/arm-none-eabi/9.2.1/thumb/v7e-m+fp/hard/libgcc.a(_dvmd_tls.o)
 .bss           0x0000000000000000        0x0 /usr/lib/gcc/arm-none-eabi/9.2.1/thumb/v7e-m+fp/hard/libgcc.a(_dvmd_tls.o)
 .text          0x0000000000000000        0x0 /usr/lib/gcc/arm-none-eabi/9.2.1/thumb/v7e-m+fp/hard/crtend.o
 .data          0x0000000000000000        0x0 /usr/lib/gcc/arm-none-eabi/9.2.1/thumb/v7e-m+fp/hard/crtend.o
 .bss           0x0000000000000000        0x0 /usr/lib/gcc/arm-none-eabi/9.2.1/thumb/v7e-m+fp/hard/crtend.o
 .eh_frame      0x0000000000000000        0x4 /usr/lib/gcc/arm-none-eabi/9.2.1/thumb/v7e-m+fp/hard/crtend.o
 .text          0x0000000000000000        0x0 /usr/lib/gcc/arm-none-eabi/9.2.1/thumb/v7e-m+fp/hard/crtn.o
 .data          0x0000000000000000        0x0 /usr/lib/gcc/arm-none-eabi/9.2.1/thumb/v7e-m+fp/hard/crtn.o
 .bss           0x0000000000000000        0x0 /usr/lib/gcc/arm-none-eabi/9.2.1/thumb/v7e-m+fp/hard/crtn.o

Memory Configuration

Name             Origin             Length             Attributes
CCMRAM           0x0000000010000000 0x0000000000010000 xrw
RAM              0x0000000020000000 0x0000000000030000 xrw
FLASH            0x0000000008000000 0x0000000000200000 xr
*default*        0x0000000000000000 0xffffffffffffffff

Linker script and memory map

LOAD /usr/lib/gcc/arm-none-eabi/9.2.1/thumb/v7e-m+fp/hard/crti.o
LOAD /usr/lib/gcc/arm-none-eabi/9.2.1/thumb/v7e-m+fp/hard/crtbegin.o
LOAD /usr/lib/gcc/arm-none-eabi/9.2.1/../../../arm-none-eabi/lib/thumb/v7e-m+fp/hard/crt0.o
LOAD /tmp/ccVFBffC.o
LOAD /tmp/ccauoULC.o
LOAD /usr/lib/gcc/arm-none-eabi/9.2.1/../../../arm-none-eabi/lib/thumb/v7e-m+fp/hard/libc_nano.a
LOAD /usr/lib/gcc/arm-none-eabi/9.2.1/../../../arm-none-eabi/lib/thumb/v7e-m+fp/hard/libm.a
LOAD /usr/lib/gcc/arm-none-eabi/9.2.1/../../../arm-none-eabi/lib/thumb/v7e-m+fp/hard/libnosys.a
START GROUP
LOAD /usr/lib/gcc/arm-none-eabi/9.2.1/thumb/v7e-m+fp/hard/libgcc.a
LOAD /usr/lib/gcc/arm-none-eabi/9.2.1/../../../arm-none-eabi/lib/thumb/v7e-m+fp/hard/libg_nano.a
LOAD /usr/lib/gcc/arm-none-eabi/9.2.1/../../../arm-none-eabi/lib/thumb/v7e-m+fp/hard/libc_nano.a
END GROUP
START GROUP
LOAD /usr/lib/gcc/arm-none-eabi/9.2.1/thumb/v7e-m+fp/hard/libgcc.a
LOAD /usr/lib/gcc/arm-none-eabi/9.2.1/../../../arm-none-eabi/lib/thumb/v7e-m+fp/hard/libc_nano.a
END GROUP
LOAD /usr/lib/gcc/arm-none-eabi/9.2.1/thumb/v7e-m+fp/hard/crtend.o
LOAD /usr/lib/gcc/arm-none-eabi/9.2.1/thumb/v7e-m+fp/hard/crtn.o
                0x0000000020030000                _estack = (ORIGIN (RAM) + LENGTH (RAM))
                0x0000000000000200                _Min_Heap_Size = 0x200
                0x0000000000000400                _Min_Stack_Size = 0x400

.isr_vector     0x0000000008000000      0x1ac
                0x0000000008000000                . = ALIGN (0x4)
 *(.isr_vector)
 .isr_vector    0x0000000008000000      0x1ac /tmp/ccVFBffC.o
                0x0000000008000000                g_pfnVectors
                0x00000000080001ac                . = ALIGN (0x4)

.text           0x00000000080001ac     0x16c0
                0x00000000080001ac                . = ALIGN (0x4)
 *(.text)
 .text          0x00000000080001ac       0x88 /usr/lib/gcc/arm-none-eabi/9.2.1/thumb/v7e-m+fp/hard/crtbegin.o
 .text          0x0000000008000234       0x48 /usr/lib/gcc/arm-none-eabi/9.2.1/../../../arm-none-eabi/lib/thumb/v7e-m+fp/hard/libc_nano.a(lib_a-init.o)
                0x0000000008000234                __libc_init_array
 .text          0x000000000800027c       0xa0 /usr/lib/gcc/arm-none-eabi/9.2.1/../../../arm-none-eabi/lib/thumb/v7e-m+fp/hard/libc_nano.a(lib_a-memset.o)
                0x000000000800027c                memset
 .text          0x000000000800031c       0x30 /usr/lib/gcc/arm-none-eabi/9.2.1/thumb/v7e-m+fp/hard/libgcc.a(_aeabi_uldivmod.o)
                0x000000000800031c                __aeabi_uldivmod
 .text          0x000000000800034c      0x2c4 /usr/lib/gcc/arm-none-eabi/9.2.1/thumb/v7e-m+fp/hard/libgcc.a(_udivmoddi4.o)
                0x000000000800034c                __udivmoddi4
 .text          0x0000000008000610        0x4 /usr/lib/gcc/arm-none-eabi/9.2.1/thumb/v7e-m+fp/hard/libgcc.a(_dvmd_tls.o)
                0x0000000008000610                __aeabi_ldiv0
                0x0000000008000610                __aeabi_idiv0
 *(.text*)
 .text.Reset_Handler
                0x0000000008000614       0x50 /tmp/ccVFBffC.o
                0x0000000008000614                Reset_Handler
 .text.Default_Handler
                0x0000000008000664        0x2 /tmp/ccVFBffC.o
                0x0000000008000664                RTC_Alarm_IRQHandler
                0x0000000008000664                HASH_RNG_IRQHandler
                0x0000000008000664                EXTI2_IRQHandler
                0x0000000008000664                TIM8_CC_IRQHandler
                0x0000000008000664                DebugMon_Handler
                0x0000000008000664                UART8_IRQHandler
                0x0000000008000664                SPI4_IRQHandler
                0x0000000008000664                TIM1_CC_IRQHandler
                0x0000000008000664                DMA2_Stream5_IRQHandler
                0x0000000008000664                HardFault_Handler
                0x0000000008000664                DMA1_Stream5_IRQHandler
                0x0000000008000664                SysTick_Handler
                0x0000000008000664                PVD_IRQHandler
                0x0000000008000664                SDIO_IRQHandler
                0x0000000008000664                TAMP_STAMP_IRQHandler
                0x0000000008000664                PendSV_Handler
                0x0000000008000664                NMI_Handler
                0x0000000008000664                CAN2_RX1_IRQHandler
                0x0000000008000664                EXTI3_IRQHandler
                0x0000000008000664                TIM8_TRG_COM_TIM14_IRQHandler
                0x0000000008000664                TIM1_UP_TIM10_IRQHandler
                0x0000000008000664                TIM8_UP_TIM13_IRQHandler
                0x0000000008000664                I2C3_ER_IRQHandler
                0x0000000008000664                EXTI0_IRQHandler
                0x0000000008000664                I2C2_EV_IRQHandler
                0x0000000008000664                DMA1_Stream2_IRQHandler
                0x0000000008000664                CAN1_RX0_IRQHandler
                0x0000000008000664                FPU_IRQHandler
                0x0000000008000664                OTG_HS_WKUP_IRQHandler
                0x0000000008000664                UsageFault_Handler
                0x0000000008000664                LTDC_ER_IRQHandler
                0x0000000008000664                CAN2_SCE_IRQHandler
                0x0000000008000664                DMA2_Stream2_IRQHandler
                0x0000000008000664                SPI1_IRQHandler
                0x0000000008000664                TIM6_DAC_IRQHandler
                0x0000000008000664                TIM1_BRK_TIM9_IRQHandler
                0x0000000008000664                DCMI_IRQHandler
                0x0000000008000664                CAN2_RX0_IRQHandler
                0x0000000008000664                DMA2_Stream3_IRQHandler
                0x0000000008000664                USART6_IRQHandler
                0x0000000008000664                USART3_IRQHandler
                0x0000000008000664                CAN1_RX1_IRQHandler
                0x0000000008000664                UART5_IRQHandler
                0x0000000008000664                DMA2_Stream0_IRQHandler
                0x0000000008000664                TIM4_IRQHandler
                0x0000000008000664                I2C1_EV_IRQHandler
                0x0000000008000664                DMA1_Stream6_IRQHandler
                0x0000000008000664                DMA1_Stream1_IRQHandler
                0x0000000008000664                UART4_IRQHandler
                0x0000000008000664                TIM3_IRQHandler
                0x0000000008000664                RCC_IRQHandler
                0x0000000008000664                TIM8_BRK_TIM12_IRQHandler
                0x0000000008000664                Default_Handler
                0x0000000008000664                EXTI15_10_IRQHandler
                0x0000000008000664                ADC_IRQHandler
                0x0000000008000664                DMA1_Stream7_IRQHandler
                0x0000000008000664                SPI5_IRQHandler
                0x0000000008000664                TIM7_IRQHandler
                0x0000000008000664                CAN2_TX_IRQHandler
                0x0000000008000664                TIM5_IRQHandler
                0x0000000008000664                DMA2_Stream7_IRQHandler
                0x0000000008000664                I2C3_EV_IRQHandler
                0x0000000008000664                EXTI9_5_IRQHandler
                0x0000000008000664                RTC_WKUP_IRQHandler
                0x0000000008000664                LTDC_IRQHandler
                0x0000000008000664                ETH_WKUP_IRQHandler
                0x0000000008000664                SPI2_IRQHandler
                0x0000000008000664                OTG_HS_EP1_IN_IRQHandler
                0x0000000008000664                MemManage_Handler
                0x0000000008000664                DMA1_Stream0_IRQHandler
                0x0000000008000664                CAN1_TX_IRQHandler
                0x0000000008000664                SVC_Handler
                0x0000000008000664                EXTI4_IRQHandler
                0x0000000008000664                ETH_IRQHandler
                0x0000000008000664                OTG_HS_EP1_OUT_IRQHandler
                0x0000000008000664                WWDG_IRQHandler
                0x0000000008000664                SPI6_IRQHandler
                0x0000000008000664                TIM2_IRQHandler
                0x0000000008000664                OTG_FS_WKUP_IRQHandler
                0x0000000008000664                TIM1_TRG_COM_TIM11_IRQHandler
                0x0000000008000664                OTG_HS_IRQHandler
                0x0000000008000664                DMA2D_IRQHandler
                0x0000000008000664                EXTI1_IRQHandler
                0x0000000008000664                UART7_IRQHandler
                0x0000000008000664                USART2_IRQHandler
                0x0000000008000664                I2C2_ER_IRQHandler
                0x0000000008000664                DMA2_Stream1_IRQHandler
                0x0000000008000664                CAN1_SCE_IRQHandler
                0x0000000008000664                FLASH_IRQHandler
                0x0000000008000664                DMA2_Stream4_IRQHandler
                0x0000000008000664                BusFault_Handler
                0x0000000008000664                USART1_IRQHandler
                0x0000000008000664                OTG_FS_IRQHandler
                0x0000000008000664                SPI3_IRQHandler
                0x0000000008000664                DMA1_Stream4_IRQHandler
                0x0000000008000664                I2C1_ER_IRQHandler
                0x0000000008000664                FMC_IRQHandler
                0x0000000008000664                DMA2_Stream6_IRQHandler
                0x0000000008000664                SAI1_IRQHandler
                0x0000000008000664                DMA1_Stream3_IRQHandler
 *fill*         0x0000000008000666        0x2 
 .text.__NVIC_SetPriorityGrouping
                0x0000000008000668       0x48 /tmp/ccauoULC.o
 .text.__NVIC_GetPriorityGrouping
                0x00000000080006b0       0x1c /tmp/ccauoULC.o
 .text.__NVIC_SetPriority
                0x00000000080006cc       0x54 /tmp/ccauoULC.o
 .text.NVIC_EncodePriority
                0x0000000008000720       0x66 /tmp/ccauoULC.o
 *fill*         0x0000000008000786        0x2 
 .text.SysTick_Config
                0x0000000008000788       0x44 /tmp/ccauoULC.o
 .text.SystemInit
                0x00000000080007cc       0x24 /tmp/ccauoULC.o
                0x00000000080007cc                SystemInit
 .text.HAL_NVIC_SetPriorityGrouping
                0x00000000080007f0       0x16 /tmp/ccauoULC.o
                0x00000000080007f0                HAL_NVIC_SetPriorityGrouping
 .text.HAL_NVIC_SetPriority
                0x0000000008000806       0x38 /tmp/ccauoULC.o
                0x0000000008000806                HAL_NVIC_SetPriority
 .text.HAL_SYSTICK_Config
                0x000000000800083e       0x18 /tmp/ccauoULC.o
                0x000000000800083e                HAL_SYSTICK_Config
 *fill*         0x0000000008000856        0x2 
 .text.HAL_RCC_OscConfig
                0x0000000008000858      0x4f0 /tmp/ccauoULC.o
                0x0000000008000858                HAL_RCC_OscConfig
 .text.HAL_RCC_ClockConfig
                0x0000000008000d48      0x1cc /tmp/ccauoULC.o
                0x0000000008000d48                HAL_RCC_ClockConfig
 .text.HAL_RCC_GetSysClockFreq
                0x0000000008000f14      0x1c4 /tmp/ccauoULC.o
                0x0000000008000f14                HAL_RCC_GetSysClockFreq
 .text.HAL_GPIO_Init
                0x00000000080010d8      0x358 /tmp/ccauoULC.o
                0x00000000080010d8                HAL_GPIO_Init
 .text.HAL_GPIO_WritePin
                0x0000000008001430       0x32 /tmp/ccauoULC.o
                0x0000000008001430                HAL_GPIO_WritePin
 *fill*         0x0000000008001462        0x2 
 .text.HAL_Init
                0x0000000008001464       0x44 /tmp/ccauoULC.o
                0x0000000008001464                HAL_Init
 .text.HAL_MspInit
                0x00000000080014a8        0xe /tmp/ccauoULC.o
                0x00000000080014a8                HAL_MspInit
 *fill*         0x00000000080014b6        0x2 
 .text.HAL_InitTick
                0x00000000080014b8       0x60 /tmp/ccauoULC.o
                0x00000000080014b8                HAL_InitTick
 .text.HAL_GetTick
                0x0000000008001518       0x18 /tmp/ccauoULC.o
                0x0000000008001518                HAL_GetTick
 .text.main     0x0000000008001530       0x12 /tmp/ccauoULC.o
                0x0000000008001530                main
 *fill*         0x0000000008001542        0x2 
 .text.SystemClock_Config
                0x0000000008001544       0xc0 /tmp/ccauoULC.o
                0x0000000008001544                SystemClock_Config
 .text.MX_GPIO_Init
                0x0000000008001604      0x244 /tmp/ccauoULC.o
 .text.Error_Handler
                0x0000000008001848        0xa /tmp/ccauoULC.o
                0x0000000008001848                Error_Handler
 *(.glue_7)
 .glue_7        0x0000000008001852        0x0 linker stubs
 *(.glue_7t)
 .glue_7t       0x0000000008001852        0x0 linker stubs
 *(.eh_frame)
 *fill*         0x0000000008001852        0x2 
 .eh_frame      0x0000000008001854        0x0 /usr/lib/gcc/arm-none-eabi/9.2.1/thumb/v7e-m+fp/hard/crtbegin.o
 *(.init)
 .init          0x0000000008001854        0x4 /usr/lib/gcc/arm-none-eabi/9.2.1/thumb/v7e-m+fp/hard/crti.o
                0x0000000008001854                _init
 .init          0x0000000008001858        0x8 /usr/lib/gcc/arm-none-eabi/9.2.1/thumb/v7e-m+fp/hard/crtn.o
 *(.fini)
 .fini          0x0000000008001860        0x4 /usr/lib/gcc/arm-none-eabi/9.2.1/thumb/v7e-m+fp/hard/crti.o
                0x0000000008001860                _fini
 .fini          0x0000000008001864        0x8 /usr/lib/gcc/arm-none-eabi/9.2.1/thumb/v7e-m+fp/hard/crtn.o
                0x000000000800186c                . = ALIGN (0x4)
                0x000000000800186c                _etext = .

.vfp11_veneer   0x000000000800186c        0x0
 .vfp11_veneer  0x000000000800186c        0x0 linker stubs

.v4_bx          0x000000000800186c        0x0
 .v4_bx         0x000000000800186c        0x0 linker stubs

.iplt           0x000000000800186c        0x0
 .iplt          0x000000000800186c        0x0 /usr/lib/gcc/arm-none-eabi/9.2.1/thumb/v7e-m+fp/hard/crtbegin.o

.rodata         0x000000000800186c       0x10
                0x000000000800186c                . = ALIGN (0x4)
 *(.rodata)
 *(.rodata*)
 .rodata.AHBPrescTable
                0x000000000800186c       0x10 /tmp/ccauoULC.o
                0x000000000800186c                AHBPrescTable
                0x000000000800187c                . = ALIGN (0x4)

.ARM.extab      0x000000000800187c        0x0
                0x000000000800187c                . = ALIGN (0x4)
 *(.ARM.extab* .gnu.linkonce.armextab.*)
                0x000000000800187c                . = ALIGN (0x4)

.ARM            0x000000000800187c        0x8
                0x000000000800187c                . = ALIGN (0x4)
                0x000000000800187c                __exidx_start = .
 *(.ARM.exidx*)
 .ARM.exidx     0x000000000800187c        0x8 /usr/lib/gcc/arm-none-eabi/9.2.1/thumb/v7e-m+fp/hard/libgcc.a(_udivmoddi4.o)
                0x0000000008001884                __exidx_end = .
                0x0000000008001884                . = ALIGN (0x4)

.rel.dyn        0x0000000008001884        0x0
 .rel.iplt      0x0000000008001884        0x0 /usr/lib/gcc/arm-none-eabi/9.2.1/thumb/v7e-m+fp/hard/crtbegin.o

.preinit_array  0x0000000008001884        0x0
                0x0000000008001884                . = ALIGN (0x4)
                0x0000000008001884                PROVIDE (__preinit_array_start = .)
 *(.preinit_array*)
                0x0000000008001884                PROVIDE (__preinit_array_end = .)
                0x0000000008001884                . = ALIGN (0x4)

.init_array     0x0000000008001884        0x4
                0x0000000008001884                . = ALIGN (0x4)
                0x0000000008001884                PROVIDE (__init_array_start = .)
 *(SORT_BY_NAME(.init_array.*))
 *(.init_array*)
 .init_array    0x0000000008001884        0x4 /usr/lib/gcc/arm-none-eabi/9.2.1/thumb/v7e-m+fp/hard/crtbegin.o
                0x0000000008001888                PROVIDE (__init_array_end = .)
                0x0000000008001888                . = ALIGN (0x4)

.fini_array     0x0000000008001888        0x4
                0x0000000008001888                . = ALIGN (0x4)
                0x0000000008001888                PROVIDE (__fini_array_start = .)
 *(SORT_BY_NAME(.fini_array.*))
 *(.fini_array*)
 .fini_array    0x0000000008001888        0x4 /usr/lib/gcc/arm-none-eabi/9.2.1/thumb/v7e-m+fp/hard/crtbegin.o
                0x000000000800188c                PROVIDE (__fini_array_end = .)
                0x000000000800188c                . = ALIGN (0x4)
                0x000000000800188c                _sidata = LOADADDR (.data)

.data           0x0000000020000000        0xc load address 0x000000000800188c
                0x0000000020000000                . = ALIGN (0x4)
                0x0000000020000000                _sdata = .
 *(.data)
 *(.data*)
 .data.SystemCoreClock
                0x0000000020000000        0x4 /tmp/ccauoULC.o
                0x0000000020000000                SystemCoreClock
 .data.uwTickPrio
                0x0000000020000004        0x4 /tmp/ccauoULC.o
                0x0000000020000004                uwTickPrio
 .data.uwTickFreq
                0x0000000020000008        0x1 /tmp/ccauoULC.o
                0x0000000020000008                uwTickFreq
 *(.RamFunc)
 *(.RamFunc*)
                0x000000002000000c                . = ALIGN (0x4)
 *fill*         0x0000000020000009        0x3 
                0x000000002000000c                _edata = .
                0x0000000008001898                _siccmram = LOADADDR (.ccmram)

.tm_clone_table
                0x000000002000000c        0x0 load address 0x0000000008001898
 .tm_clone_table
                0x000000002000000c        0x0 /usr/lib/gcc/arm-none-eabi/9.2.1/thumb/v7e-m+fp/hard/crtbegin.o
 .tm_clone_table
                0x000000002000000c        0x0 /usr/lib/gcc/arm-none-eabi/9.2.1/thumb/v7e-m+fp/hard/crtend.o

.igot.plt       0x000000002000000c        0x0 load address 0x0000000008001898
 .igot.plt      0x000000002000000c        0x0 /usr/lib/gcc/arm-none-eabi/9.2.1/thumb/v7e-m+fp/hard/crtbegin.o

.ccmram         0x0000000010000000        0x0 load address 0x0000000008001898
                0x0000000010000000                . = ALIGN (0x4)
                0x0000000010000000                _sccmram = .
 *(.ccmram)
 *(.ccmram*)
                0x0000000010000000                . = ALIGN (0x4)
                0x0000000010000000                _eccmram = .
                0x0000000010000000                . = ALIGN (0x4)

.bss            0x000000002000000c       0x20
                0x000000002000000c                _sbss = .
                0x000000002000000c                __bss_start__ = _sbss
 *(.bss)
 .bss           0x000000002000000c       0x1c /usr/lib/gcc/arm-none-eabi/9.2.1/thumb/v7e-m+fp/hard/crtbegin.o
 *(.bss*)
 .bss.uwTick    0x0000000020000028        0x4 /tmp/ccauoULC.o
                0x0000000020000028                uwTick
 *(COMMON)
                0x000000002000002c                . = ALIGN (0x4)
                0x000000002000002c                _ebss = .
                0x000000002000002c                __bss_end__ = _ebss

._user_heap_stack
                0x000000002000002c      0x604
                0x0000000020000030                . = ALIGN (0x8)
 *fill*         0x000000002000002c        0x4 
                [!provide]                        PROVIDE (end = .)
                [!provide]                        PROVIDE (_end = .)
                0x0000000020000230                . = (. + _Min_Heap_Size)
 *fill*         0x0000000020000030      0x200 
                0x0000000020000630                . = (. + _Min_Stack_Size)
 *fill*         0x0000000020000230      0x400 
                0x0000000020000630                . = ALIGN (0x8)

/DISCARD/
 libc.a(*)
 libm.a(*)
 libgcc.a(*)

.ARM.attributes
                0x0000000000000000       0x30
 *(.ARM.attributes)
 .ARM.attributes
                0x0000000000000000       0x1e /usr/lib/gcc/arm-none-eabi/9.2.1/thumb/v7e-m+fp/hard/crti.o
 .ARM.attributes
                0x000000000000001e       0x34 /usr/lib/gcc/arm-none-eabi/9.2.1/thumb/v7e-m+fp/hard/crtbegin.o
 .ARM.attributes
                0x0000000000000052       0x21 /tmp/ccVFBffC.o
 .ARM.attributes
                0x0000000000000073       0x34 /tmp/ccauoULC.o
 .ARM.attributes
                0x00000000000000a7       0x34 /usr/lib/gcc/arm-none-eabi/9.2.1/../../../arm-none-eabi/lib/thumb/v7e-m+fp/hard/libc_nano.a(lib_a-init.o)
 .ARM.attributes
                0x00000000000000db       0x34 /usr/lib/gcc/arm-none-eabi/9.2.1/../../../arm-none-eabi/lib/thumb/v7e-m+fp/hard/libc_nano.a(lib_a-memset.o)
 .ARM.attributes
                0x000000000000010f       0x1e /usr/lib/gcc/arm-none-eabi/9.2.1/thumb/v7e-m+fp/hard/libgcc.a(_aeabi_uldivmod.o)
 .ARM.attributes
                0x000000000000012d       0x34 /usr/lib/gcc/arm-none-eabi/9.2.1/thumb/v7e-m+fp/hard/libgcc.a(_udivmoddi4.o)
 .ARM.attributes
                0x0000000000000161       0x1e /usr/lib/gcc/arm-none-eabi/9.2.1/thumb/v7e-m+fp/hard/libgcc.a(_dvmd_tls.o)
 .ARM.attributes
                0x000000000000017f       0x32 /usr/lib/gcc/arm-none-eabi/9.2.1/thumb/v7e-m+fp/hard/crtend.o
 .ARM.attributes
                0x00000000000001b1       0x1e /usr/lib/gcc/arm-none-eabi/9.2.1/thumb/v7e-m+fp/hard/crtn.o
OUTPUT(build/stm32f429zitx-target-debug.elf elf32-littlearm)
LOAD linker stubs
LOAD /usr/lib/gcc/arm-none-eabi/9.2.1/../../../arm-none-eabi/lib/thumb/v7e-m+fp/hard/libc.a
LOAD /usr/lib/gcc/arm-none-eabi/9.2.1/../../../arm-none-eabi/lib/thumb/v7e-m+fp/hard/libm.a
LOAD /usr/lib/gcc/arm-none-eabi/9.2.1/thumb/v7e-m+fp/hard/libgcc.a

.comment        0x0000000000000000       0xa7
 .comment       0x0000000000000000       0x59 /usr/lib/gcc/arm-none-eabi/9.2.1/thumb/v7e-m+fp/hard/crtbegin.o
                                         0x5a (size before relaxing)
 .comment       0x0000000000000059       0x5a /tmp/ccauoULC.o
 .comment       0x0000000000000059       0x4e /usr/lib/gcc/arm-none-eabi/9.2.1/../../../arm-none-eabi/lib/thumb/v7e-m+fp/hard/libc_nano.a(lib_a-init.o)
                                         0x4f (size before relaxing)
 .comment       0x00000000000000a7       0x4f /usr/lib/gcc/arm-none-eabi/9.2.1/../../../arm-none-eabi/lib/thumb/v7e-m+fp/hard/libc_nano.a(lib_a-memset.o)
 .comment       0x00000000000000a7       0x5a /usr/lib/gcc/arm-none-eabi/9.2.1/thumb/v7e-m+fp/hard/libgcc.a(_udivmoddi4.o)
 .comment       0x00000000000000a7       0x5a /usr/lib/gcc/arm-none-eabi/9.2.1/thumb/v7e-m+fp/hard/crtend.o

.debug_line     0x0000000000000000     0x251a
 .debug_line    0x0000000000000000       0x7d /tmp/ccVFBffC.o
 .debug_line    0x000000000000007d     0x1a4b /tmp/ccauoULC.o
 .debug_line    0x0000000000001ac8      0x10d /usr/lib/gcc/arm-none-eabi/9.2.1/../../../arm-none-eabi/lib/thumb/v7e-m+fp/hard/libc_nano.a(lib_a-init.o)
 .debug_line    0x0000000000001bd5      0x26b /usr/lib/gcc/arm-none-eabi/9.2.1/../../../arm-none-eabi/lib/thumb/v7e-m+fp/hard/libc_nano.a(lib_a-memset.o)
 .debug_line    0x0000000000001e40       0x60 /usr/lib/gcc/arm-none-eabi/9.2.1/thumb/v7e-m+fp/hard/libgcc.a(_aeabi_uldivmod.o)
 .debug_line    0x0000000000001ea0      0x61a /usr/lib/gcc/arm-none-eabi/9.2.1/thumb/v7e-m+fp/hard/libgcc.a(_udivmoddi4.o)
 .debug_line    0x00000000000024ba       0x60 /usr/lib/gcc/arm-none-eabi/9.2.1/thumb/v7e-m+fp/hard/libgcc.a(_dvmd_tls.o)

.debug_info     0x0000000000000000     0x40ec
 .debug_info    0x0000000000000000       0x22 /tmp/ccVFBffC.o
 .debug_info    0x0000000000000022     0x22c7 /tmp/ccauoULC.o
 .debug_info    0x00000000000022e9      0x11a /usr/lib/gcc/arm-none-eabi/9.2.1/../../../arm-none-eabi/lib/thumb/v7e-m+fp/hard/libc_nano.a(lib_a-init.o)
 .debug_info    0x0000000000002403      0xf21 /usr/lib/gcc/arm-none-eabi/9.2.1/../../../arm-none-eabi/lib/thumb/v7e-m+fp/hard/libc_nano.a(lib_a-memset.o)
 .debug_info    0x0000000000003324       0x26 /usr/lib/gcc/arm-none-eabi/9.2.1/thumb/v7e-m+fp/hard/libgcc.a(_aeabi_uldivmod.o)
 .debug_info    0x000000000000334a      0xd7c /usr/lib/gcc/arm-none-eabi/9.2.1/thumb/v7e-m+fp/hard/libgcc.a(_udivmoddi4.o)
 .debug_info    0x00000000000040c6       0x26 /usr/lib/gcc/arm-none-eabi/9.2.1/thumb/v7e-m+fp/hard/libgcc.a(_dvmd_tls.o)

.debug_abbrev   0x0000000000000000      0x900
 .debug_abbrev  0x0000000000000000       0x12 /tmp/ccVFBffC.o
 .debug_abbrev  0x0000000000000012      0x45f /tmp/ccauoULC.o
 .debug_abbrev  0x0000000000000471       0xcc /usr/lib/gcc/arm-none-eabi/9.2.1/../../../arm-none-eabi/lib/thumb/v7e-m+fp/hard/libc_nano.a(lib_a-init.o)
 .debug_abbrev  0x000000000000053d      0x1d9 /usr/lib/gcc/arm-none-eabi/9.2.1/../../../arm-none-eabi/lib/thumb/v7e-m+fp/hard/libc_nano.a(lib_a-memset.o)
 .debug_abbrev  0x0000000000000716       0x14 /usr/lib/gcc/arm-none-eabi/9.2.1/thumb/v7e-m+fp/hard/libgcc.a(_aeabi_uldivmod.o)
 .debug_abbrev  0x000000000000072a      0x1c2 /usr/lib/gcc/arm-none-eabi/9.2.1/thumb/v7e-m+fp/hard/libgcc.a(_udivmoddi4.o)
 .debug_abbrev  0x00000000000008ec       0x14 /usr/lib/gcc/arm-none-eabi/9.2.1/thumb/v7e-m+fp/hard/libgcc.a(_dvmd_tls.o)

.debug_aranges  0x0000000000000000      0x3a8
 .debug_aranges
                0x0000000000000000       0x28 /tmp/ccVFBffC.o
 .debug_aranges
                0x0000000000000028      0x2e0 /tmp/ccauoULC.o
 .debug_aranges
                0x0000000000000308       0x20 /usr/lib/gcc/arm-none-eabi/9.2.1/../../../arm-none-eabi/lib/thumb/v7e-m+fp/hard/libc_nano.a(lib_a-init.o)
 .debug_aranges
                0x0000000000000328       0x20 /usr/lib/gcc/arm-none-eabi/9.2.1/../../../arm-none-eabi/lib/thumb/v7e-m+fp/hard/libc_nano.a(lib_a-memset.o)
 .debug_aranges
                0x0000000000000348       0x20 /usr/lib/gcc/arm-none-eabi/9.2.1/thumb/v7e-m+fp/hard/libgcc.a(_aeabi_uldivmod.o)
 .debug_aranges
                0x0000000000000368       0x20 /usr/lib/gcc/arm-none-eabi/9.2.1/thumb/v7e-m+fp/hard/libgcc.a(_udivmoddi4.o)
 .debug_aranges
                0x0000000000000388       0x20 /usr/lib/gcc/arm-none-eabi/9.2.1/thumb/v7e-m+fp/hard/libgcc.a(_dvmd_tls.o)

.debug_str      0x0000000000000000    0xcc734
 .debug_str     0x0000000000000000       0x4b /tmp/ccVFBffC.o
 .debug_str     0x000000000000004b    0xcacc6 /tmp/ccauoULC.o
                                      0xcb1d8 (size before relaxing)
 .debug_str     0x00000000000cad11      0x187 /usr/lib/gcc/arm-none-eabi/9.2.1/../../../arm-none-eabi/lib/thumb/v7e-m+fp/hard/libc_nano.a(lib_a-init.o)
                                        0x229 (size before relaxing)
 .debug_str     0x00000000000cae98      0x6f4 /usr/lib/gcc/arm-none-eabi/9.2.1/../../../arm-none-eabi/lib/thumb/v7e-m+fp/hard/libc_nano.a(lib_a-memset.o)
                                        0x90f (size before relaxing)
 .debug_str     0x00000000000cb58c       0x97 /usr/lib/gcc/arm-none-eabi/9.2.1/thumb/v7e-m+fp/hard/libgcc.a(_aeabi_uldivmod.o)
                                         0xa3 (size before relaxing)
 .debug_str     0x00000000000cb623     0x10e1 /usr/lib/gcc/arm-none-eabi/9.2.1/thumb/v7e-m+fp/hard/libgcc.a(_udivmoddi4.o)
                                       0x11e6 (size before relaxing)
 .debug_str     0x00000000000cc704       0x30 /usr/lib/gcc/arm-none-eabi/9.2.1/thumb/v7e-m+fp/hard/libgcc.a(_dvmd_tls.o)
                                         0xa7 (size before relaxing)

.debug_ranges   0x0000000000000000      0x3b8
 .debug_ranges  0x0000000000000000       0x20 /tmp/ccVFBffC.o
 .debug_ranges  0x0000000000000020      0x2d0 /tmp/ccauoULC.o
 .debug_ranges  0x00000000000002f0       0xc8 /usr/lib/gcc/arm-none-eabi/9.2.1/thumb/v7e-m+fp/hard/libgcc.a(_udivmoddi4.o)

.debug_loc      0x0000000000000000     0x2c67
 .debug_loc     0x0000000000000000     0x19da /tmp/ccauoULC.o
 .debug_loc     0x00000000000019da       0xba /usr/lib/gcc/arm-none-eabi/9.2.1/../../../arm-none-eabi/lib/thumb/v7e-m+fp/hard/libc_nano.a(lib_a-init.o)
 .debug_loc     0x0000000000001a94      0x231 /usr/lib/gcc/arm-none-eabi/9.2.1/../../../arm-none-eabi/lib/thumb/v7e-m+fp/hard/libc_nano.a(lib_a-memset.o)
 .debug_loc     0x0000000000001cc5      0xfa2 /usr/lib/gcc/arm-none-eabi/9.2.1/thumb/v7e-m+fp/hard/libgcc.a(_udivmoddi4.o)

.debug_macro    0x0000000000000000    0x20913
 .debug_macro   0x0000000000000000      0x19a /tmp/ccauoULC.o
 .debug_macro   0x000000000000019a      0xaa8 /tmp/ccauoULC.o
 .debug_macro   0x0000000000000c42      0x28f /tmp/ccauoULC.o
 .debug_macro   0x0000000000000ed1       0x2e /tmp/ccauoULC.o
 .debug_macro   0x0000000000000eff       0x28 /tmp/ccauoULC.o
 .debug_macro   0x0000000000000f27      0x34e /tmp/ccauoULC.o
 .debug_macro   0x0000000000001275       0x1c /tmp/ccauoULC.o
 .debug_macro   0x0000000000001291       0x22 /tmp/ccauoULC.o
 .debug_macro   0x00000000000012b3       0xdf /tmp/ccauoULC.o
 .debug_macro   0x0000000000001392     0x102d /tmp/ccauoULC.o
 .debug_macro   0x00000000000023bf      0x11f /tmp/ccauoULC.o
 .debug_macro   0x00000000000024de    0x17fc0 /tmp/ccauoULC.o
 .debug_macro   0x000000000001a49e       0x6d /tmp/ccauoULC.o
 .debug_macro   0x000000000001a50b     0x36f5 /tmp/ccauoULC.o
 .debug_macro   0x000000000001dc00      0x174 /tmp/ccauoULC.o
 .debug_macro   0x000000000001dd74       0x5c /tmp/ccauoULC.o
 .debug_macro   0x000000000001ddd0      0xca5 /tmp/ccauoULC.o
 .debug_macro   0x000000000001ea75      0x9fe /tmp/ccauoULC.o
 .debug_macro   0x000000000001f473      0x115 /tmp/ccauoULC.o
 .debug_macro   0x000000000001f588      0x156 /tmp/ccauoULC.o
 .debug_macro   0x000000000001f6de       0xa5 /tmp/ccauoULC.o
 .debug_macro   0x000000000001f783      0x182 /tmp/ccauoULC.o
 .debug_macro   0x000000000001f905      0x287 /tmp/ccauoULC.o
 .debug_macro   0x000000000001fb8c       0x5f /tmp/ccauoULC.o
 .debug_macro   0x000000000001fbeb      0x236 /tmp/ccauoULC.o
 .debug_macro   0x000000000001fe21      0x132 /tmp/ccauoULC.o
 .debug_macro   0x000000000001ff53      0x41d /tmp/ccauoULC.o
 .debug_macro   0x0000000000020370       0x2e /tmp/ccauoULC.o
 .debug_macro   0x000000000002039e      0x11a /tmp/ccauoULC.o
 .debug_macro   0x00000000000204b8       0xe2 /tmp/ccauoULC.o
 .debug_macro   0x000000000002059a       0x89 /tmp/ccauoULC.o
 .debug_macro   0x0000000000020623      0x134 /tmp/ccauoULC.o
 .debug_macro   0x0000000000020757      0x130 /tmp/ccauoULC.o
 .debug_macro   0x0000000000020887       0x28 /tmp/ccauoULC.o
 .debug_macro   0x00000000000208af       0x64 /tmp/ccauoULC.o

.debug_frame    0x0000000000000000      0xce4
 .debug_frame   0x0000000000000000      0xc20 /tmp/ccauoULC.o
 .debug_frame   0x0000000000000c20       0x2c /usr/lib/gcc/arm-none-eabi/9.2.1/../../../arm-none-eabi/lib/thumb/v7e-m+fp/hard/libc_nano.a(lib_a-init.o)
 .debug_frame   0x0000000000000c4c       0x38 /usr/lib/gcc/arm-none-eabi/9.2.1/../../../arm-none-eabi/lib/thumb/v7e-m+fp/hard/libc_nano.a(lib_a-memset.o)
 .debug_frame   0x0000000000000c84       0x2c /usr/lib/gcc/arm-none-eabi/9.2.1/thumb/v7e-m+fp/hard/libgcc.a(_aeabi_uldivmod.o)
 .debug_frame   0x0000000000000cb0       0x34 /usr/lib/gcc/arm-none-eabi/9.2.1/thumb/v7e-m+fp/hard/libgcc.a(_udivmoddi4.o)

Cross Reference Table

Symbol                                            File
ADC_IRQHandler                                    /tmp/ccVFBffC.o
AHBPrescTable                                     /tmp/ccauoULC.o
APBPrescTable                                     /tmp/ccauoULC.o
BusFault_Handler                                  /tmp/ccVFBffC.o
CAN1_RX0_IRQHandler                               /tmp/ccVFBffC.o
CAN1_RX1_IRQHandler                               /tmp/ccVFBffC.o
CAN1_SCE_IRQHandler                               /tmp/ccVFBffC.o
CAN1_TX_IRQHandler                                /tmp/ccVFBffC.o
CAN2_RX0_IRQHandler                               /tmp/ccVFBffC.o
CAN2_RX1_IRQHandler                               /tmp/ccVFBffC.o
CAN2_SCE_IRQHandler                               /tmp/ccVFBffC.o
CAN2_TX_IRQHandler                                /tmp/ccVFBffC.o
DCMI_IRQHandler                                   /tmp/ccVFBffC.o
DMA1_Stream0_IRQHandler                           /tmp/ccVFBffC.o
DMA1_Stream1_IRQHandler                           /tmp/ccVFBffC.o
DMA1_Stream2_IRQHandler                           /tmp/ccVFBffC.o
DMA1_Stream3_IRQHandler                           /tmp/ccVFBffC.o
DMA1_Stream4_IRQHandler                           /tmp/ccVFBffC.o
DMA1_Stream5_IRQHandler                           /tmp/ccVFBffC.o
DMA1_Stream6_IRQHandler                           /tmp/ccVFBffC.o
DMA1_Stream7_IRQHandler                           /tmp/ccVFBffC.o
DMA2D_IRQHandler                                  /tmp/ccVFBffC.o
DMA2_Stream0_IRQHandler                           /tmp/ccVFBffC.o
DMA2_Stream1_IRQHandler                           /tmp/ccVFBffC.o
DMA2_Stream2_IRQHandler                           /tmp/ccVFBffC.o
DMA2_Stream3_IRQHandler                           /tmp/ccVFBffC.o
DMA2_Stream4_IRQHandler                           /tmp/ccVFBffC.o
DMA2_Stream5_IRQHandler                           /tmp/ccVFBffC.o
DMA2_Stream6_IRQHandler                           /tmp/ccVFBffC.o
DMA2_Stream7_IRQHandler                           /tmp/ccVFBffC.o
DebugMon_Handler                                  /tmp/ccVFBffC.o
Default_Handler                                   /tmp/ccVFBffC.o
ETH_IRQHandler                                    /tmp/ccVFBffC.o
ETH_WKUP_IRQHandler                               /tmp/ccVFBffC.o
EXTI0_IRQHandler                                  /tmp/ccVFBffC.o
EXTI15_10_IRQHandler                              /tmp/ccVFBffC.o
EXTI1_IRQHandler                                  /tmp/ccVFBffC.o
EXTI2_IRQHandler                                  /tmp/ccVFBffC.o
EXTI3_IRQHandler                                  /tmp/ccVFBffC.o
EXTI4_IRQHandler                                  /tmp/ccVFBffC.o
EXTI9_5_IRQHandler                                /tmp/ccVFBffC.o
Error_Handler                                     /tmp/ccauoULC.o
FLASH_IRQHandler                                  /tmp/ccVFBffC.o
FMC_IRQHandler                                    /tmp/ccVFBffC.o
FPU_IRQHandler                                    /tmp/ccVFBffC.o
HAL_DBGMCU_DisableDBGSleepMode                    /tmp/ccauoULC.o
HAL_DBGMCU_DisableDBGStandbyMode                  /tmp/ccauoULC.o
HAL_DBGMCU_DisableDBGStopMode                     /tmp/ccauoULC.o
HAL_DBGMCU_EnableDBGSleepMode                     /tmp/ccauoULC.o
HAL_DBGMCU_EnableDBGStandbyMode                   /tmp/ccauoULC.o
HAL_DBGMCU_EnableDBGStopMode                      /tmp/ccauoULC.o
HAL_DeInit                                        /tmp/ccauoULC.o
HAL_Delay                                         /tmp/ccauoULC.o
HAL_DisableCompensationCell                       /tmp/ccauoULC.o
HAL_DisableMemorySwappingBank                     /tmp/ccauoULC.o
HAL_EnableCompensationCell                        /tmp/ccauoULC.o
HAL_EnableMemorySwappingBank                      /tmp/ccauoULC.o
HAL_GPIO_DeInit                                   /tmp/ccauoULC.o
HAL_GPIO_EXTI_Callback                            /tmp/ccauoULC.o
HAL_GPIO_EXTI_IRQHandler                          /tmp/ccauoULC.o
HAL_GPIO_Init                                     /tmp/ccauoULC.o
HAL_GPIO_LockPin                                  /tmp/ccauoULC.o
HAL_GPIO_ReadPin                                  /tmp/ccauoULC.o
HAL_GPIO_TogglePin                                /tmp/ccauoULC.o
HAL_GPIO_WritePin                                 /tmp/ccauoULC.o
HAL_GetDEVID                                      /tmp/ccauoULC.o
HAL_GetHalVersion                                 /tmp/ccauoULC.o
HAL_GetREVID                                      /tmp/ccauoULC.o
HAL_GetTick                                       /tmp/ccauoULC.o
HAL_GetTickFreq                                   /tmp/ccauoULC.o
HAL_GetTickPrio                                   /tmp/ccauoULC.o
HAL_GetUIDw0                                      /tmp/ccauoULC.o
HAL_GetUIDw1                                      /tmp/ccauoULC.o
HAL_GetUIDw2                                      /tmp/ccauoULC.o
HAL_IncTick                                       /tmp/ccauoULC.o
HAL_Init                                          /tmp/ccauoULC.o
HAL_InitTick                                      /tmp/ccauoULC.o
HAL_MPU_ConfigRegion                              /tmp/ccauoULC.o
HAL_MPU_Disable                                   /tmp/ccauoULC.o
HAL_MPU_Enable                                    /tmp/ccauoULC.o
HAL_MspDeInit                                     /tmp/ccauoULC.o
HAL_MspInit                                       /tmp/ccauoULC.o
HAL_NVIC_ClearPendingIRQ                          /tmp/ccauoULC.o
HAL_NVIC_DisableIRQ                               /tmp/ccauoULC.o
HAL_NVIC_EnableIRQ                                /tmp/ccauoULC.o
HAL_NVIC_GetActive                                /tmp/ccauoULC.o
HAL_NVIC_GetPendingIRQ                            /tmp/ccauoULC.o
HAL_NVIC_GetPriority                              /tmp/ccauoULC.o
HAL_NVIC_GetPriorityGrouping                      /tmp/ccauoULC.o
HAL_NVIC_SetPendingIRQ                            /tmp/ccauoULC.o
HAL_NVIC_SetPriority                              /tmp/ccauoULC.o
HAL_NVIC_SetPriorityGrouping                      /tmp/ccauoULC.o
HAL_NVIC_SystemReset                              /tmp/ccauoULC.o
HAL_RCC_CSSCallback                               /tmp/ccauoULC.o
HAL_RCC_ClockConfig                               /tmp/ccauoULC.o
HAL_RCC_DeInit                                    /tmp/ccauoULC.o
HAL_RCC_DisableCSS                                /tmp/ccauoULC.o
HAL_RCC_EnableCSS                                 /tmp/ccauoULC.o
HAL_RCC_GetClockConfig                            /tmp/ccauoULC.o
HAL_RCC_GetHCLKFreq                               /tmp/ccauoULC.o
HAL_RCC_GetOscConfig                              /tmp/ccauoULC.o
HAL_RCC_GetPCLK1Freq                              /tmp/ccauoULC.o
HAL_RCC_GetPCLK2Freq                              /tmp/ccauoULC.o
HAL_RCC_GetSysClockFreq                           /tmp/ccauoULC.o
HAL_RCC_MCOConfig                                 /tmp/ccauoULC.o
HAL_RCC_NMI_IRQHandler                            /tmp/ccauoULC.o
HAL_RCC_OscConfig                                 /tmp/ccauoULC.o
HAL_ResumeTick                                    /tmp/ccauoULC.o
HAL_SYSTICK_CLKSourceConfig                       /tmp/ccauoULC.o
HAL_SYSTICK_Callback                              /tmp/ccauoULC.o
HAL_SYSTICK_Config                                /tmp/ccauoULC.o
HAL_SYSTICK_IRQHandler                            /tmp/ccauoULC.o
HAL_SetTickFreq                                   /tmp/ccauoULC.o
HAL_SuspendTick                                   /tmp/ccauoULC.o
HASH_RNG_IRQHandler                               /tmp/ccVFBffC.o
HardFault_Handler                                 /tmp/ccVFBffC.o
I2C1_ER_IRQHandler                                /tmp/ccVFBffC.o
I2C1_EV_IRQHandler                                /tmp/ccVFBffC.o
I2C2_ER_IRQHandler                                /tmp/ccVFBffC.o
I2C2_EV_IRQHandler                                /tmp/ccVFBffC.o
I2C3_ER_IRQHandler                                /tmp/ccVFBffC.o
I2C3_EV_IRQHandler                                /tmp/ccVFBffC.o
LTDC_ER_IRQHandler                                /tmp/ccVFBffC.o
LTDC_IRQHandler                                   /tmp/ccVFBffC.o
MemManage_Handler                                 /tmp/ccVFBffC.o
NMI_Handler                                       /tmp/ccVFBffC.o
OTG_FS_IRQHandler                                 /tmp/ccVFBffC.o
OTG_FS_WKUP_IRQHandler                            /tmp/ccVFBffC.o
OTG_HS_EP1_IN_IRQHandler                          /tmp/ccVFBffC.o
OTG_HS_EP1_OUT_IRQHandler                         /tmp/ccVFBffC.o
OTG_HS_IRQHandler                                 /tmp/ccVFBffC.o
OTG_HS_WKUP_IRQHandler                            /tmp/ccVFBffC.o
PVD_IRQHandler                                    /tmp/ccVFBffC.o
PendSV_Handler                                    /tmp/ccVFBffC.o
RCC_IRQHandler                                    /tmp/ccVFBffC.o
RTC_Alarm_IRQHandler                              /tmp/ccVFBffC.o
RTC_WKUP_IRQHandler                               /tmp/ccVFBffC.o
Reset_Handler                                     /tmp/ccVFBffC.o
SAI1_IRQHandler                                   /tmp/ccVFBffC.o
SDIO_IRQHandler                                   /tmp/ccVFBffC.o
SPI1_IRQHandler                                   /tmp/ccVFBffC.o
SPI2_IRQHandler                                   /tmp/ccVFBffC.o
SPI3_IRQHandler                                   /tmp/ccVFBffC.o
SPI4_IRQHandler                                   /tmp/ccVFBffC.o
SPI5_IRQHandler                                   /tmp/ccVFBffC.o
SPI6_IRQHandler                                   /tmp/ccVFBffC.o
SVC_Handler                                       /tmp/ccVFBffC.o
SysTick_Handler                                   /tmp/ccVFBffC.o
SystemClock_Config                                /tmp/ccauoULC.o
SystemCoreClock                                   /tmp/ccauoULC.o
SystemCoreClockUpdate                             /tmp/ccauoULC.o
SystemInit                                        /tmp/ccauoULC.o
                                                  /tmp/ccVFBffC.o
TAMP_STAMP_IRQHandler                             /tmp/ccVFBffC.o
TIM1_BRK_TIM9_IRQHandler                          /tmp/ccVFBffC.o
TIM1_CC_IRQHandler                                /tmp/ccVFBffC.o
TIM1_TRG_COM_TIM11_IRQHandler                     /tmp/ccVFBffC.o
TIM1_UP_TIM10_IRQHandler                          /tmp/ccVFBffC.o
TIM2_IRQHandler                                   /tmp/ccVFBffC.o
TIM3_IRQHandler                                   /tmp/ccVFBffC.o
TIM4_IRQHandler                                   /tmp/ccVFBffC.o
TIM5_IRQHandler                                   /tmp/ccVFBffC.o
TIM6_DAC_IRQHandler                               /tmp/ccVFBffC.o
TIM7_IRQHandler                                   /tmp/ccVFBffC.o
TIM8_BRK_TIM12_IRQHandler                         /tmp/ccVFBffC.o
TIM8_CC_IRQHandler                                /tmp/ccVFBffC.o
TIM8_TRG_COM_TIM14_IRQHandler                     /tmp/ccVFBffC.o
TIM8_UP_TIM13_IRQHandler                          /tmp/ccVFBffC.o
UART4_IRQHandler                                  /tmp/ccVFBffC.o
UART5_IRQHandler                                  /tmp/ccVFBffC.o
UART7_IRQHandler                                  /tmp/ccVFBffC.o
UART8_IRQHandler                                  /tmp/ccVFBffC.o
USART1_IRQHandler                                 /tmp/ccVFBffC.o
USART2_IRQHandler                                 /tmp/ccVFBffC.o
USART3_IRQHandler                                 /tmp/ccVFBffC.o
USART6_IRQHandler                                 /tmp/ccVFBffC.o
UsageFault_Handler                                /tmp/ccVFBffC.o
WWDG_IRQHandler                                   /tmp/ccVFBffC.o
_ITM_deregisterTMCloneTable                       /usr/lib/gcc/arm-none-eabi/9.2.1/thumb/v7e-m+fp/hard/crtbegin.o
_ITM_registerTMCloneTable                         /usr/lib/gcc/arm-none-eabi/9.2.1/thumb/v7e-m+fp/hard/crtbegin.o
__TMC_END__                                       /usr/lib/gcc/arm-none-eabi/9.2.1/thumb/v7e-m+fp/hard/crtend.o
                                                  /usr/lib/gcc/arm-none-eabi/9.2.1/thumb/v7e-m+fp/hard/crtbegin.o
__aeabi_idiv0                                     /usr/lib/gcc/arm-none-eabi/9.2.1/thumb/v7e-m+fp/hard/libgcc.a(_dvmd_tls.o)
__aeabi_ldiv0                                     /usr/lib/gcc/arm-none-eabi/9.2.1/thumb/v7e-m+fp/hard/libgcc.a(_dvmd_tls.o)
                                                  /usr/lib/gcc/arm-none-eabi/9.2.1/thumb/v7e-m+fp/hard/libgcc.a(_aeabi_uldivmod.o)
__aeabi_uldivmod                                  /usr/lib/gcc/arm-none-eabi/9.2.1/thumb/v7e-m+fp/hard/libgcc.a(_aeabi_uldivmod.o)
                                                  /tmp/ccauoULC.o
__atexit_dummy                                    /usr/lib/gcc/arm-none-eabi/9.2.1/../../../arm-none-eabi/lib/thumb/v7e-m+fp/hard/libc_nano.a(lib_a-__atexit.o)
__bss_end__                                       /usr/lib/gcc/arm-none-eabi/9.2.1/../../../arm-none-eabi/lib/thumb/v7e-m+fp/hard/crt0.o
__bss_start__                                     /usr/lib/gcc/arm-none-eabi/9.2.1/../../../arm-none-eabi/lib/thumb/v7e-m+fp/hard/crt0.o
__call_exitprocs                                  /usr/lib/gcc/arm-none-eabi/9.2.1/../../../arm-none-eabi/lib/thumb/v7e-m+fp/hard/libc_nano.a(lib_a-__call_atexit.o)
                                                  /usr/lib/gcc/arm-none-eabi/9.2.1/../../../arm-none-eabi/lib/thumb/v7e-m+fp/hard/libc_nano.a(lib_a-__atexit.o)
                                                  /usr/lib/gcc/arm-none-eabi/9.2.1/../../../arm-none-eabi/lib/thumb/v7e-m+fp/hard/libc_nano.a(lib_a-exit.o)
__deregister_frame_info                           /usr/lib/gcc/arm-none-eabi/9.2.1/thumb/v7e-m+fp/hard/crtbegin.o
__dso_handle                                      /usr/lib/gcc/arm-none-eabi/9.2.1/thumb/v7e-m+fp/hard/crtbegin.o
__fini_array_end                                  /usr/lib/gcc/arm-none-eabi/9.2.1/../../../arm-none-eabi/lib/thumb/v7e-m+fp/hard/libc_nano.a(lib_a-fini.o)
__fini_array_start                                /usr/lib/gcc/arm-none-eabi/9.2.1/../../../arm-none-eabi/lib/thumb/v7e-m+fp/hard/libc_nano.a(lib_a-fini.o)
__init_array_end                                  /usr/lib/gcc/arm-none-eabi/9.2.1/../../../arm-none-eabi/lib/thumb/v7e-m+fp/hard/libc_nano.a(lib_a-init.o)
__init_array_start                                /usr/lib/gcc/arm-none-eabi/9.2.1/../../../arm-none-eabi/lib/thumb/v7e-m+fp/hard/libc_nano.a(lib_a-init.o)
__libc_fini_array                                 /usr/lib/gcc/arm-none-eabi/9.2.1/../../../arm-none-eabi/lib/thumb/v7e-m+fp/hard/libc_nano.a(lib_a-fini.o)
                                                  /usr/lib/gcc/arm-none-eabi/9.2.1/../../../arm-none-eabi/lib/thumb/v7e-m+fp/hard/crt0.o
__libc_init_array                                 /usr/lib/gcc/arm-none-eabi/9.2.1/../../../arm-none-eabi/lib/thumb/v7e-m+fp/hard/libc_nano.a(lib_a-init.o)
                                                  /tmp/ccVFBffC.o
                                                  /usr/lib/gcc/arm-none-eabi/9.2.1/../../../arm-none-eabi/lib/thumb/v7e-m+fp/hard/crt0.o
__on_exit_args                                    /usr/lib/gcc/arm-none-eabi/9.2.1/../../../arm-none-eabi/lib/thumb/v7e-m+fp/hard/libc_nano.a(lib_a-__atexit.o)
__preinit_array_end                               /usr/lib/gcc/arm-none-eabi/9.2.1/../../../arm-none-eabi/lib/thumb/v7e-m+fp/hard/libc_nano.a(lib_a-init.o)
__preinit_array_start                             /usr/lib/gcc/arm-none-eabi/9.2.1/../../../arm-none-eabi/lib/thumb/v7e-m+fp/hard/libc_nano.a(lib_a-init.o)
__register_exitproc                               /usr/lib/gcc/arm-none-eabi/9.2.1/../../../arm-none-eabi/lib/thumb/v7e-m+fp/hard/libc_nano.a(lib_a-__atexit.o)
                                                  /usr/lib/gcc/arm-none-eabi/9.2.1/../../../arm-none-eabi/lib/thumb/v7e-m+fp/hard/libc_nano.a(lib_a-atexit.o)
__register_frame_info                             /usr/lib/gcc/arm-none-eabi/9.2.1/thumb/v7e-m+fp/hard/crtbegin.o
__sf_fake_stderr                                  /usr/lib/gcc/arm-none-eabi/9.2.1/../../../arm-none-eabi/lib/thumb/v7e-m+fp/hard/libc_nano.a(lib_a-impure.o)
__sf_fake_stdin                                   /usr/lib/gcc/arm-none-eabi/9.2.1/../../../arm-none-eabi/lib/thumb/v7e-m+fp/hard/libc_nano.a(lib_a-impure.o)
__sf_fake_stdout                                  /usr/lib/gcc/arm-none-eabi/9.2.1/../../../arm-none-eabi/lib/thumb/v7e-m+fp/hard/libc_nano.a(lib_a-impure.o)
__stack                                           /usr/lib/gcc/arm-none-eabi/9.2.1/../../../arm-none-eabi/lib/thumb/v7e-m+fp/hard/crt0.o
__udivmoddi4                                      /usr/lib/gcc/arm-none-eabi/9.2.1/thumb/v7e-m+fp/hard/libgcc.a(_udivmoddi4.o)
                                                  /usr/lib/gcc/arm-none-eabi/9.2.1/thumb/v7e-m+fp/hard/libgcc.a(_aeabi_uldivmod.o)
_ebss                                             /tmp/ccVFBffC.o
_edata                                            /tmp/ccVFBffC.o
_estack                                           /tmp/ccVFBffC.o
_exit                                             /usr/lib/gcc/arm-none-eabi/9.2.1/../../../arm-none-eabi/lib/thumb/v7e-m+fp/hard/libnosys.a(_exit.o)
                                                  /usr/lib/gcc/arm-none-eabi/9.2.1/../../../arm-none-eabi/lib/thumb/v7e-m+fp/hard/libc_nano.a(lib_a-exit.o)
_fini                                             /usr/lib/gcc/arm-none-eabi/9.2.1/thumb/v7e-m+fp/hard/crti.o
                                                  /usr/lib/gcc/arm-none-eabi/9.2.1/../../../arm-none-eabi/lib/thumb/v7e-m+fp/hard/libc_nano.a(lib_a-fini.o)
_global_atexit                                    /usr/lib/gcc/arm-none-eabi/9.2.1/../../../arm-none-eabi/lib/thumb/v7e-m+fp/hard/libc_nano.a(lib_a-__call_atexit.o)
                                                  /usr/lib/gcc/arm-none-eabi/9.2.1/../../../arm-none-eabi/lib/thumb/v7e-m+fp/hard/libc_nano.a(lib_a-__atexit.o)
_global_impure_ptr                                /usr/lib/gcc/arm-none-eabi/9.2.1/../../../arm-none-eabi/lib/thumb/v7e-m+fp/hard/libc_nano.a(lib_a-impure.o)
                                                  /usr/lib/gcc/arm-none-eabi/9.2.1/../../../arm-none-eabi/lib/thumb/v7e-m+fp/hard/libc_nano.a(lib_a-exit.o)
_impure_ptr                                       /usr/lib/gcc/arm-none-eabi/9.2.1/../../../arm-none-eabi/lib/thumb/v7e-m+fp/hard/libc_nano.a(lib_a-impure.o)
_init                                             /usr/lib/gcc/arm-none-eabi/9.2.1/thumb/v7e-m+fp/hard/crti.o
                                                  /usr/lib/gcc/arm-none-eabi/9.2.1/../../../arm-none-eabi/lib/thumb/v7e-m+fp/hard/libc_nano.a(lib_a-init.o)
_mainCRTStartup                                   /usr/lib/gcc/arm-none-eabi/9.2.1/../../../arm-none-eabi/lib/thumb/v7e-m+fp/hard/crt0.o
_sbss                                             /tmp/ccVFBffC.o
_sdata                                            /tmp/ccVFBffC.o
_sidata                                           /tmp/ccVFBffC.o
_stack_init                                       /usr/lib/gcc/arm-none-eabi/9.2.1/../../../arm-none-eabi/lib/thumb/v7e-m+fp/hard/crt0.o
_start                                            /usr/lib/gcc/arm-none-eabi/9.2.1/../../../arm-none-eabi/lib/thumb/v7e-m+fp/hard/crt0.o
atexit                                            /usr/lib/gcc/arm-none-eabi/9.2.1/../../../arm-none-eabi/lib/thumb/v7e-m+fp/hard/libc_nano.a(lib_a-atexit.o)
                                                  /usr/lib/gcc/arm-none-eabi/9.2.1/../../../arm-none-eabi/lib/thumb/v7e-m+fp/hard/crt0.o
exit                                              /usr/lib/gcc/arm-none-eabi/9.2.1/../../../arm-none-eabi/lib/thumb/v7e-m+fp/hard/libc_nano.a(lib_a-exit.o)
                                                  /usr/lib/gcc/arm-none-eabi/9.2.1/../../../arm-none-eabi/lib/thumb/v7e-m+fp/hard/crt0.o
g_pfnVectors                                      /tmp/ccVFBffC.o
hardware_init_hook                                /usr/lib/gcc/arm-none-eabi/9.2.1/../../../arm-none-eabi/lib/thumb/v7e-m+fp/hard/crt0.o
main                                              /tmp/ccauoULC.o
                                                  /tmp/ccVFBffC.o
                                                  /usr/lib/gcc/arm-none-eabi/9.2.1/../../../arm-none-eabi/lib/thumb/v7e-m+fp/hard/crt0.o
malloc                                            /usr/lib/gcc/arm-none-eabi/9.2.1/../../../arm-none-eabi/lib/thumb/v7e-m+fp/hard/libc_nano.a(lib_a-__atexit.o)
memset                                            /usr/lib/gcc/arm-none-eabi/9.2.1/../../../arm-none-eabi/lib/thumb/v7e-m+fp/hard/libc_nano.a(lib_a-memset.o)
                                                  /tmp/ccauoULC.o
                                                  /usr/lib/gcc/arm-none-eabi/9.2.1/../../../arm-none-eabi/lib/thumb/v7e-m+fp/hard/crt0.o
software_init_hook                                /usr/lib/gcc/arm-none-eabi/9.2.1/../../../arm-none-eabi/lib/thumb/v7e-m+fp/hard/crt0.o
uwTick                                            /tmp/ccauoULC.o
uwTickFreq                                        /tmp/ccauoULC.o
uwTickPrio                                        /tmp/ccauoULC.o
